Command: /Users/kagamirudo/.espressif/python_env/idf5.5_py3.14_env/bin/python /Users/kagamirudo/esp-idf-v5.5.1/tools/idf_monitor.py -p /dev/cu.usbmodem1101 -b 115200 --toolchain-prefix xtensa-esp32s3-elf- --target esp32s3 --revision 0 /Users/kagamirudo/002/build/002.elf /Users/kagamirudo/002/build/bootloader/bootloader.elf -m '/Users/kagamirudo/.espressif/python_env/idf5.5_py3.14_env/bin/python' '/Users/kagamirudo/esp-idf-v5.5.1/tools/idf.py'
ESP-ROM:esp32s3-20210327
Build:Mar 27 2021
rst:0x15 (USB_UART_CHIP_RESET),boot:0x0 (DOWNLOAD(USB/UART0))
Saved PC:0x40041a76
waiting for download
[0;32mI (54) boot: ## Label            Usage          Type ST Offset   Length[0m
[0;32mI (61) boot:  0 nvs              WiFi data        01 02 00009000 00006000[0m
[0;32mI (67) boot:  1 phy_init         RF data          01 01 0000f000 00001000[0m
[0;32mI (74) boot:  2 factory          factory app      00 00 00010000 00100000[0m
[0;32mI (80) boot: End of partition table[0m
[0;32mI (83) esp_image: segment 0: paddr=00010020 vaddr=3c020020 size=0b88ch ( 47244) map[0m
[0;32mI (99) esp_image: segment 1: paddr=0001b8b4 vaddr=3fc92900 size=02be0h ( 11232) load[0m
[0;32mI (102) esp_image: segment 2: paddr=0001e49c vaddr=40374000 size=01b7ch (  7036) load[0m
[0;32mI (107) esp_image: segment 3: paddr=00020020 vaddr=42000020 size=1b164h (110948) map[0m
[0;32mI (133) esp_image: segment 4: paddr=0003b18c vaddr=40375b7c size=0cc88h ( 52360) load[0m
[0;32mI (145) esp_image: segment 5: paddr=00047e1c vaddr=50000000 size=00020h (    32) load[0m
[0;32mI (151) boot: Loaded app from partition at offset 0x10000[0m
[0;32mI (151) boot: Disabling RNG early entropy source...[0m
[0;32mI (162) cpu_start: Multicore app[0m
[0;32mI (171) cpu_start: Pro cpu start user code[0m
[0;32mI (172) cpu_start: cpu freq: 160000000 Hz[0m
[0;32mI (172) app_init: Application information:[0m
[0;32mI (172) app_init: Project name:     002[0m
[0;32mI (175) app_init: App version:      1[0m
[0;32mI (179) app_init: Compile time:     Dec 18 2025 13:53:51[0m
[0;32mI (184) app_init: ELF file SHA256:  e65756f19...[0m
[0;32mI (188) app_init: ESP-IDF:          v5.5.1[0m
[0;32mI (192) efuse_init: Min chip rev:     v0.0[0m
[0;32mI (196) efuse_init: Max chip rev:     v0.99 [0m
[0;32mI (200) efuse_init: Chip rev:         v0.2[0m
[0;32mI (203) heap_init: Initializing. RAM available for dynamic allocation:[0m
[0;32mI (210) heap_init: At 3FC95E58 len 000538B8 (334 KiB): RAM[0m
[0;32mI (215) heap_init: At 3FCE9710 len 00005724 (21 KiB): RAM[0m
[0;32mI (220) heap_init: At 3FCF0000 len 00008000 (32 KiB): DRAM[0m
[0;32mI (225) heap_init: At 600FE000 len 00001FE8 (7 KiB): RTCRAM[0m
[0;32mI (232) spi_flash: detected chip: generic[0m
[0;32mI (234) spi_flash: flash io: dio[0m
[0;32mI (238) sleep_gpio: Configure to isolate all GPIO pins in sleep state[0m
[0;32mI (244) sleep_gpio: Enable automatic switching of GPIO sleep configuration[0m
[0;32mI (251) main_task: Started on CPU0[0m
[0;32mI (261) main_task: Calling app_main()[0m
[0;32mI (261) LASER_ADC: Laser PWM + ADC sample (GPIO5 PWM, GPIO44 ADC)[0m
[0;32mI (261) LASER_ADC: Laser PWM set full on @ GPIO5[0m
ESP_ERROR_CHECK failed: esp_err_t 0x105 (ESP_ERR_NOT_FOUND) at 0x42009516
file: "./main/002.c" line 53
func: adc_init_gpio44
expression: adc_oneshot_io_to_channel(ADC_GPIO, &adc_unit, &adc_chan)

abort() was called at PC 0x4037974b on core 0


Backtrace: 0x4037978d:0x3fc985d0 0x40379755:0x3fc985f0 0x403800f1:0x3fc98610 0x4037974b:0x3fc98680 0x42009516:0x3fc986b0 0x420095c3:0x3fc98700 0x4201aa3c:0x3fc98730 0x4037a191:0x3fc98760




ELF file SHA256: e65756f19

Rebooting...
ESP-ROM:esp32s3-20210327
Build:Mar 27 2021
rst:0xc (RTC_SW_CPU_RST),boot:0x8 (SPI_FAST_FLASH_BOOT)
Saved PC:0x403798dc
SPIWP:0xee
mode:DIO, clock div:1
load:0x3fce2820,len:0x158c
load:0x403c8700,len:0xd24
load:0x403cb700,len:0x2f34
entry 0x403c8924
[0;32mI (24) boot: ESP-IDF v5.5.1 2nd stage bootloader[0m
[0;32mI (24) boot: compile time Dec 18 2025 13:52:19[0m
[0;32mI (24) boot: Multicore bootloader[0m
[0;32mI (25) boot: chip revision: v0.2[0m
[0;32mI (27) boot: efuse block revision: v1.3[0m
[0;32mI (31) boot.esp32s3: Boot SPI Speed : 80MHz[0m
[0;32mI (34) boot.esp32s3: SPI Mode       : DIO[0m
[0;32mI (38) boot.esp32s3: SPI Flash Size : 16MB[0m
[0;32mI (42) boot: Enabling RNG early entropy source...[0m
[0;32mI (47) boot: Partition Table:[0m
[0;32mI (49) boot: ## Label            Usage          Type ST Offset   Length[0m
[0;32mI (55) boot:  0 nvs              WiFi data        01 02 00009000 00006000[0m
[0;32mI (62) boot:  1 phy_init         RF data          01 01 0000f000 00001000[0m
[0;32mI (68) boot:  2 factory          factory app      00 00 00010000 00100000[0m
[0;32mI (75) boot: End of partition table[0m
[0;32mI (78) esp_image: segment 0: paddr=00010020 vaddr=3c020020 size=0b88ch ( 47244) map[0m
[0;32mI (94) esp_image: segment 1: paddr=0001b8b4 vaddr=3fc92900 size=02be0h ( 11232) load[0m
[0;32mI (97) esp_image: segment 2: paddr=0001e49c vaddr=40374000 size=01b7ch (  7036) load[0m
[0;32mI (102) esp_image: segment 3: paddr=00020020 vaddr=42000020 size=1b164h (110948) map[0m
[0;32mI (128) esp_image: segment 4: paddr=0003b18c vaddr=40375b7c size=0cc88h ( 52360) load[0m
[0;32mI (139) esp_image: segment 5: paddr=00047e1c vaddr=50000000 size=00020h (    32) load[0m
[0;32mI (146) boot: Loaded app from partition at offset 0x10000[0m
[0;32mI (146) boot: Disabling RNG early entropy source...[0m
[0;32mI (157) cpu_start: Multicore app[0m
[0;32mI (166) cpu_start: Pro cpu start user code[0m
[0;32mI (166) cpu_start: cpu freq: 160000000 Hz[0m
[0;32mI (166) app_init: Application information:[0m
[0;32mI (167) app_init: Project name:     002[0m
[0;32mI (170) app_init: App version:      1[0m
[0;32mI (173) app_init: Compile time:     Dec 18 2025 13:53:51[0m
[0;32mI (178) app_init: ELF file SHA256:  e65756f19...[0m
[0;32mI (183) app_init: ESP-IDF:          v5.5.1[0m
[0;32mI (186) efuse_init: Min chip rev:     v0.0[0m
[0;32mI (190) efuse_init: Max chip rev:     v0.99 [0m
[0;32mI (194) efuse_init: Chip rev:         v0.2[0m
[0;32mI (198) heap_init: Initializing. RAM available for dynamic allocation:[0m
[0;32mI (204) heap_init: At 3FC95E58 len 000538B8 (334 KiB): RAM[0m
[0;32mI (210) heap_init: At 3FCE9710 len 00005724 (21 KiB): RAM[0m
[0;32mI (215) heap_init: At 3FCF0000 len 00008000 (32 KiB): DRAM[0m
[0;32mI (220) heap_init: At 600FE000 len 00001FE8 (7 KiB): RTCRAM[0m
[0;32mI (226) spi_flash: detected chip: generic[0m
[0;32mI (229) spi_flash: flash io: dio[0m
[0;32mI (232) sleep_gpio: Configure to isolate all GPIO pins in sleep state[0m
[0;32mI (238) sleep_gpio: Enable automatic switching of GPIO sleep configuration[0m
[0;32mI (245) main_task: Started on CPU0[0m
[0;32mI (255) main_task: Calling app_main()[0m
[0;32mI (255) LASER_ADC: Laser PWM + ADC sample (GPIO5 PWM, GPIO44 ADC)[0m
[0;32mI (255) LASER_ADC: Laser PWM set full on @ GPIO5[0m
ESP_ERROR_CHECK failed: esp_err_t 0x105 (ESP_ERR_NOT_FOUND) at 0x42009516
file: "./main/002.c" line 53
func: adc_init_gpio44
expression: adc_oneshot_io_to_channel(ADC_GPIO, &adc_unit, &adc_chan)

abort() was called at PC 0x4037974b on core 0


Backtrace: 0x4037978d:0x3fc985d0 0x40379755:0x3fc985f0 0x403800f1:0x3fc98610 0x4037974b:0x3fc98680 0x42009516:0x3fc986b0 0x420095c3:0x3fc98700 0x4201aa3c:0x3fc98730 0x4037a191:0x3fc98760




ELF file SHA256: e65756f19

Rebooting...
ESP-ROM:esp32s3-20210327
Build:Mar 27 2021
rst:0xc (RTC_SW_CPU_RST),boot:0x8 (SPI_FAST_FLASH_BOOT)
Saved PC:0x403798dc
SPIWP:0xee
mode:DIO, clock div:1
load:0x3fce2820,len:0x158c
load:0x403c8700,len:0xd24
load:0x403cb700,len:0x2f34
entry 0x403c8924
[0;32mI (24) boot: ESP-IDF v5.5.1 2nd stage bootloader[0m
[0;32mI (24) boot: compile time Dec 18 2025 13:52:19[0m
[0;32mI (24) boot: Multicore bootloader[0m
[0;32mI (24) boot: chip revision: v0.2[0m
[0;32mI (27) boot: efuse block revision: v1.3[0m
[0;32mI (31) boot.esp32s3: Boot SPI Speed : 80MHz[0m
[0;32mI (34) boot.esp32s3: SPI Mode       : DIO[0m
[0;32mI (38) boot.esp32s3: SPI Flash Size : 16MB[0m
[0;32mI (42) boot: Enabling RNG early entropy source...[0m
[0;32mI (47) boot: Partition Table:[0m
[0;32mI (49) boot: ## Label            Usage          Type ST Offset   Length[0m
[0;32mI (55) boot:  0 nvs              WiFi data        01 02 00009000 00006000[0m
[0;32mI (62) boot:  1 phy_init         RF data          01 01 0000f000 00001000[0m
[0;32mI (68) boot:  2 factory          factory app      00 00 00010000 00100000[0m
[0;32mI (75) boot: End of partition table[0m
[0;32mI (78) esp_image: segment 0: paddr=00010020 vaddr=3c020020 size=0b88ch ( 47244) map[0m
[0;32mI (94) esp_image: segment 1: paddr=0001b8b4 vaddr=3fc92900 size=02be0h ( 11232) load[0m
[0;32mI (97) esp_image: segment 2: paddr=0001e49c vaddr=40374000 size=01b7ch (  7036) load[0m
[0;32mI (102) esp_image: segment 3: paddr=00020020 vaddr=42000020 size=1b164h (110948) map[0m
[0;32mI (128) esp_image: segment 4: paddr=0003b18c vaddr=40375b7c size=0cc88h ( 52360) load[0m
[0;32mI (139) esp_image: segment 5: paddr=00047e1c vaddr=50000000 size=00020h (    32) load[0m
[0;32mI (146) boot: Loaded app from partition at offset 0x10000[0m
[0;32mI (146) boot: Disabling RNG early entropy source...[0m
[0;32mI (157) cpu_start: Multicore app[0m
[0;32mI (166) cpu_start: Pro cpu start user code[0m
[0;32mI (166) cpu_start: cpu freq: 160000000 Hz[0m
[0;32mI (166) app_init: Application information:[0m
[0;32mI (167) app_init: Project name:     002[0m
[0;32mI (170) app_init: App version:      1[0m
[0;32mI (173) app_init: Compile time:     Dec 18 2025 13:53:51[0m
[0;32mI (178) app_init: ELF file SHA256:  e65756f19...[0m
[0;32mI (183) app_init: ESP-IDF:          v5.5.1[0m
[0;32mI (186) efuse_init: Min chip rev:     v0.0[0m
[0;32mI (190) efuse_init: Max chip rev:     v0.99 [0m
[0;32mI (194) efuse_init: Chip rev:         v0.2[0m
[0;32mI (198) heap_init: Initializing. RAM available for dynamic allocation:[0m
[0;32mI (204) heap_init: At 3FC95E58 len 000538B8 (334 KiB): RAM[0m
[0;32mI (210) heap_init: At 3FCE9710 len 00005724 (21 KiB): RAM[0m
[0;32mI (215) heap_init: At 3FCF0000 len 00008000 (32 KiB): DRAM[0m
[0;32mI (220) heap_init: At 600FE000 len 00001FE8 (7 KiB): RTCRAM[0m
[0;32mI (226) spi_flash: detected chip: generic[0m
[0;32mI (229) spi_flash: flash io: dio[0m
[0;32mI (232) sleep_gpio: Configure to isolate all GPIO pins in sleep state[0m
[0;32mI (238) sleep_gpio: Enable automatic switching of GPIO sleep configuration[0m
[0;32mI (245) main_task: Started on CPU0[0m
[0;32mI (255) main_task: Calling app_main()[0m
[0;32mI (255) LASER_ADC: Laser PWM + ADC sample (GPIO5 PWM, GPIO44 ADC)[0m
[0;32mI (255) LASER_ADC: Laser PWM set full on @ GPIO5[0m
ESP_ERROR_CHECK failed: esp_err_t 0x105 (ESP_ERR_NOT_FOUND) at 0x42009516
file: "./main/002.c" line 53
func: adc_init_gpio44
expression: adc_oneshot_io_to_channel(ADC_GPIO, &adc_unit, &adc_chan)

abort() was called at PC 0x4037974b on core 0


Backtrace: 0x4037978d:0x3fc985d0 0x40379755:0x3fc985f0 0x403800f1:0x3fc98610 0x4037974b:0x3fc98680 0x42009516:0x3fc986b0 0x420095c3:0x3fc98700 0x4201aa3c:0x3fc98730 0x4037a191:0x3fc98760




ELF file SHA256: e65756f19

Rebooting...
ESP-ROM:esp32s3-20210327
Build:Mar 27 2021
rst:0xc (RTC_SW_CPU_RST),boot:0x8 (SPI_FAST_FLASH_BOOT)
Saved PC:0x403798dc
SPIWP:0xee
mode:DIO, clock div:1
load:0x3fce2820,len:0x158c
load:0x403c8700,len:0xd24
load:0x403cb700,len:0x2f34
entry 0x403c8924
[0;32mI (24) boot: ESP-IDF v5.5.1 2nd stage bootloader[0m
[0;32mI (24) boot: compile time Dec 18 2025 13:52:19[0m
[0;32mI (24) boot: Multicore bootloader[0m
[0;32mI (24) boot: chip revision: v0.2[0m
[0;32mI (27) boot: efuse block revision: v1.3[0m
[0;32mI (31) boot.esp32s3: Boot SPI Speed : 80MHz[0m
[0;32mI (34) boot.esp32s3: SPI Mode       : DIO[0m
[0;32mI (38) boot.esp32s3: SPI Flash Size : 16MB[0m
[0;32mI (42) boot: Enabling RNG early entropy source...[0m
[0;32mI (47) boot: Partition Table:[0m
[0;32mI (49) boot: ## Label            Usage          Type ST Offset   Length[0m
[0;32mI (55) boot:  0 nvs              WiFi data        01 02 00009000 00006000[0m
[0;32mI (62) boot:  1 phy_init         RF data          01 01 0000f000 00001000[0m
[0;32mI (68) boot:  2 factory          factory app      00 00 00010000 00100000[0m
[0;32mI (75) boot: End of partition table[0m
[0;32mI (78) esp_image: segment 0: paddr=00010020 vaddr=3c020020 size=0b88ch ( 47244) map[0m
[0;32mI (94) esp_image: segment 1: paddr=0001b8b4 vaddr=3fc92900 size=02be0h ( 11232) load[0m
[0;32mI (97) esp_image: segment 2: paddr=0001e49c vaddr=40374000 size=01b7ch (  7036) load[0m
[0;32mI (102) esp_image: segment 3: paddr=00020020 vaddr=42000020 size=1b164h (110948) map[0m
[0;32mI (128) esp_image: segment 4: paddr=0003b18c vaddr=40375b7c size=0cc88h ( 52360) load[0m
[0;32mI (139) esp_image: segment 5: paddr=00047e1c vaddr=50000000 size=00020h (    32) load[0m
[0;32mI (146) boot: Loaded app from partition at offset 0x10000[0m
[0;32mI (146) boot: Disabling RNG early entropy source...[0m
[0;32mI (157) cpu_start: Multicore app[0m
[0;32mI (166) cpu_start: Pro cpu start user code[0m
[0;32mI (166) cpu_start: cpu freq: 160000000 Hz[0m
[0;32mI (166) app_init: Application information:[0m
[0;32mI (167) app_init: Project name:     002[0m
[0;32mI (170) app_init: App version:      1[0m
[0;32mI (173) app_init: Compile time:     Dec 18 2025 13:53:51[0m
[0;32mI (178) app_init: ELF file SHA256:  e65756f19...[0m
[0;32mI (183) app_init: ESP-IDF:          v5.5.1[0m
[0;32mI (186) efuse_init: Min chip rev:     v0.0[0m
[0;32mI (190) efuse_init: Max chip rev:     v0.99 [0m
[0;32mI (194) efuse_init: Chip rev:         v0.2[0m
[0;32mI (198) heap_init: Initializing. RAM available for dynamic allocation:[0m
[0;32mI (204) heap_init: At 3FC95E58 len 000538B8 (334 KiB): RAM[0m
[0;32mI (210) heap_init: At 3FCE9710 len 00005724 (21 KiB): RAM[0m
[0;32mI (215) heap_init: At 3FCF0000 len 00008000 (32 KiB): DRAM[0m
[0;32mI (220) heap_init: At 600FE000 len 00001FE8 (7 KiB): RTCRAM[0m
[0;32mI (226) spi_flash: detected chip: generic[0m
[0;32mI (229) spi_flash: flash io: dio[0m
[0;32mI (232) sleep_gpio: Configure to isolate all GPIO pins in sleep state[0m
[0;32mI (238) sleep_gpio: Enable automatic switching of GPIO sleep configuration[0m
[0;32mI (245) main_task: Started on CPU0[0m
[0;32mI (255) main_task: Calling app_main()[0m
[0;32mI (255) LASER_ADC: Laser PWM + ADC sample (GPIO5 PWM, GPIO44 ADC)[0m
[0;32mI (255) LASER_ADC: Laser PWM set full on @ GPIO5[0m
ESP_ERROR_CHECK failed: esp_err_t 0x105 (ESP_ERR_NOT_FOUND) at 0x42009516
file: "./main/002.c" line 53
func: adc_init_gpio44
expression: adc_oneshot_io_to_channel(ADC_GPIO, &adc_unit, &adc_chan)

abort() was called at PC 0x4037974b on core 0


Backtrace: 0x4037978d:0x3fc985d0 0x40379755:0x3fc985f0 0x403800f1:0x3fc98610 0x4037974b:0x3fc98680 0x42009516:0x3fc986b0 0x420095c3:0x3fc98700 0x4201aa3c:0x3fc98730 0x4037a191:0x3fc98760




ELF file SHA256: e65756f19

Rebooting...
ESP-ROM:esp32s3-20210327
Build:Mar 27 2021
rst:0xc (RTC_SW_CPU_RST),boot:0x8 (SPI_FAST_FLASH_BOOT)
Saved PC:0x403798dc
SPIWP:0xee
mode:DIO, clock div:1
load:0x3fce2820,len:0x158c
load:0x403c8700,len:0xd24
load:0x403cb700,len:0x2f34
entry 0x403c8924
[0;32mI (24) boot: ESP-IDF v5.5.1 2nd stage bootloader[0m
[0;32mI (24) boot: compile time Dec 18 2025 13:52:19[0m
[0;32mI (24) boot: Multicore bootloader[0m
[0;32mI (24) boot: chip revision: v0.2[0m
[0;32mI (27) boot: efuse block revision: v1.3[0m
[0;32mI (31) boot.esp32s3: Boot SPI Speed : 80MHz[0m
[0;32mI (34) boot.esp32s3: SPI Mode       : DIO[0m
[0;32mI (38) boot.esp32s3: SPI Flash Size : 16MB[0m
[0;32mI (42) boot: Enabling RNG early entropy source...[0m
[0;32mI (47) boot: Partition Table:[0m
[0;32mI (49) boot: ## Label            Usage          Type ST Offset   Length[0m
[0;32mI (55) boot:  0 nvs              WiFi data        01 02 00009000 00006000[0m
[0;32mI (62) boot:  1 phy_init         RF data          01 01 0000f000 00001000[0m
[0;32mI (68) boot:  2 factory          factory app      00 00 00010000 00100000[0m
[0;32mI (75) boot: End of partition table[0m
[0;32mI (78) esp_image: segment 0: paddr=00010020 vaddr=3c020020 size=0b88ch ( 47244) map[0m
[0;32mI (94) esp_image: segment 1: paddr=0001b8b4 vaddr=3fc92900 size=02be0h ( 11232) load[0m
[0;32mI (97) esp_image: segment 2: paddr=0001e49c vaddr=40374000 size=01b7ch (  7036) load[0m
[0;32mI (102) esp_image: segment 3: paddr=00020020 vaddr=42000020 size=1b164h (110948) map[0m
[0;32mI (128) esp_image: segment 4: paddr=0003b18c vaddr=40375b7c size=0cc88h ( 52360) load[0m
[0;32mI (139) esp_image: segment 5: paddr=00047e1c vaddr=50000000 size=00020h (    32) load[0m
[0;32mI (146) boot: Loaded app from partition at offset 0x10000[0m
[0;32mI (146) boot: Disabling RNG early entropy source...[0m
[0;32mI (157) cpu_start: Multicore app[0m
[0;32mI (166) cpu_start: Pro cpu start user code[0m
[0;32mI (166) cpu_start: cpu freq: 160000000 Hz[0m
[0;32mI (166) app_init: Application information:[0m
[0;32mI (167) app_init: Project name:     002[0m
[0;32mI (170) app_init: App version:      1[0m
[0;32mI (173) app_init: Compile time:     Dec 18 2025 13:53:51[0m
[0;32mI (178) app_init: ELF file SHA256:  e65756f19...[0m
[0;32mI (183) app_init: ESP-IDF:          v5.5.1[0m
[0;32mI (186) efuse_init: Min chip rev:     v0.0[0m
[0;32mI (190) efuse_init: Max chip rev:     v0.99 [0m
[0;32mI (194) efuse_init: Chip rev:         v0.2[0m
[0;32mI (198) heap_init: Initializing. RAM available for dynamic allocation:[0m
[0;32mI (204) heap_init: At 3FC95E58 len 000538B8 (334 KiB): RAM[0m
[0;32mI (210) heap_init: At 3FCE9710 len 00005724 (21 KiB): RAM[0m
[0;32mI (215) heap_init: At 3FCF0000 len 00008000 (32 KiB): DRAM[0m
[0;32mI (220) heap_init: At 600FE000 len 00001FE8 (7 KiB): RTCRAM[0m
[0;32mI (226) spi_flash: detected chip: generic[0m
[0;32mI (229) spi_flash: flash io: dio[0m
[0;32mI (232) sleep_gpio: Configure to isolate all GPIO pins in sleep state[0m
[0;32mI (238) sleep_gpio: Enable automatic switching of GPIO sleep configuration[0m
[0;32mI (245) main_task: Started on CPU0[0m
[0;32mI (255) main_task: Calling app_main()[0m
[0;32mI (255) LASER_ADC: Laser PWM + ADC sample (GPIO5 PWM, GPIO44 ADC)[0m
[0;32mI (255) LASER_ADC: Laser PWM set full on @ GPIO5[0m
ESP_ERROR_CHECK failed: esp_err_t 0x105 (ESP_ERR_NOT_FOUND) at 0x42009516
file: "./main/002.c" line 53
func: adc_init_gpio44
expression: adc_oneshot_io_to_channel(ADC_GPIO, &adc_unit, &adc_chan)

abort() was called at PC 0x4037974b on core 0


Backtrace: 0x4037978d:0x3fc985d0 0x40379755:0x3fc985f0 0x403800f1:0x3fc98610 0x4037974b:0x3fc98680 0x42009516:0x3fc986b0 0x420095c3:0x3fc98700 0x4201aa3c:0x3fc98730 0x4037a191:0x3fc98760




ELF file SHA256: e65756f19

Rebooting...
ESP-ROM:esp32s3-20210327
Build:Mar 27 2021
rst:0xc (RTC_SW_CPU_RST),boot:0x8 (SPI_FAST_FLASH_BOOT)
Saved PC:0x403798dc
SPIWP:0xee
mode:DIO, clock div:1
load:0x3fce2820,len:0x158c
load:0x403c8700,len:0xd24
load:0x403cb700,len:0x2f34
entry 0x403c8924
[0;32mI (24) boot: ESP-IDF v5.5.1 2nd stage bootloader[0m
[0;32mI (24) boot: compile time Dec 18 2025 13:52:19[0m
[0;32mI (24) boot: Multicore bootloader[0m
[0;32mI (24) boot: chip revision: v0.2[0m
[0;32mI (27) boot: efuse block revision: v1.3[0m
[0;32mI (31) boot.esp32s3: Boot SPI Speed : 80MHz[0m
[0;32mI (34) boot.esp32s3: SPI Mode       : DIO[0m
[0;32mI (38) boot.esp32s3: SPI Flash Size : 16MB[0m
[0;32mI (42) boot: Enabling RNG early entropy source...[0m
[0;32mI (47) boot: Partition Table:[0m
[0;32mI (49) boot: ## Label            Usage          Type ST Offset   Length[0m
[0;32mI (55) boot:  0 nvs              WiFi data        01 02 00009000 00006000[0m
[0;32mI (62) boot:  1 phy_init         RF data          01 01 0000f000 00001000[0m
[0;32mI (68) boot:  2 factory          factory app      00 00 00010000 00100000[0m
[0;32mI (75) boot: End of partition table[0m
[0;32mI (78) esp_image: segment 0: paddr=00010020 vaddr=3c020020 size=0b88ch ( 47244) map[0m
[0;32mI (94) esp_image: segment 1: paddr=0001b8b4 vaddr=3fc92900 size=02be0h ( 11232) load[0m
[0;32mI (97) esp_image: segment 2: paddr=0001e49c vaddr=40374000 size=01b7ch (  7036) load[0m
[0;32mI (102) esp_image: segment 3: paddr=00020020 vaddr=42000020 size=1b164h (110948) map[0m
[0;32mI (128) esp_image: segment 4: paddr=0003b18c vaddr=40375b7c size=0cc88h ( 52360) load[0m
[0;32mI (139) esp_image: segment 5: paddr=00047e1c vaddr=50000000 size=00020h (    32) load[0m
[0;32mI (146) boot: Loaded app from partition at offset 0x10000[0m
[0;32mI (146) boot: Disabling RNG early entropy source...[0m
[0;32mI (157) cpu_start: Multicore app[0m
[0;32mI (166) cpu_start: Pro cpu start user code[0m
[0;32mI (166) cpu_start: cpu freq: 160000000 Hz[0m
[0;32mI (166) app_init: Application information:[0m
[0;32mI (167) app_init: Project name:     002[0m
[0;32mI (170) app_init: App version:      1[0m
[0;32mI (173) app_init: Compile time:     Dec 18 2025 13:53:51[0m
[0;32mI (178) app_init: ELF file SHA256:  e65756f19...[0m
[0;32mI (183) app_init: ESP-IDF:          v5.5.1[0m
[0;32mI (186) efuse_init: Min chip rev:     v0.0[0m
[0;32mI (190) efuse_init: Max chip rev:     v0.99 [0m
[0;32mI (194) efuse_init: Chip rev:         v0.2[0m
[0;32mI (198) heap_init: Initializing. RAM available for dynamic allocation:[0m
[0;32mI (204) heap_init: At 3FC95E58 len 000538B8 (334 KiB): RAM[0m
[0;32mI (210) heap_init: At 3FCE9710 len 00005724 (21 KiB): RAM[0m
[0;32mI (215) heap_init: At 3FCF0000 len 00008000 (32 KiB): DRAM[0m
[0;32mI (220) heap_init: At 600FE000 len 00001FE8 (7 KiB): RTCRAM[0m
[0;32mI (226) spi_flash: detected chip: generic[0m
[0;32mI (229) spi_flash: flash io: dio[0m
[0;32mI (232) sleep_gpio: Configure to isolate all GPIO pins in sleep state[0m
[0;32mI (238) sleep_gpio: Enable automatic switching of GPIO sleep configuration[0m
[0;32mI (245) main_task: Started on CPU0[0m
[0;32mI (255) main_task: Calling app_main()[0m
[0;32mI (255) LASER_ADC: Laser PWM + ADC sample (GPIO5 PWM, GPIO44 ADC)[0m
[0;32mI (255) LASER_ADC: Laser PWM set full on @ GPIO5[0m
ESP_ERROR_CHECK failed: esp_err_t 0x105 (ESP_ERR_NOT_FOUND) at 0x42009516
file: "./main/002.c" line 53
func: adc_init_gpio44
expression: adc_oneshot_io_to_channel(ADC_GPIO, &adc_unit, &adc_chan)

abort() was called at PC 0x4037974b on core 0


Backtrace: 0x4037978d:0x3fc985d0 0x40379755:0x3fc985f0 0x403800f1:0x3fc98610 0x4037974b:0x3fc98680 0x42009516:0x3fc986b0 0x420095c3:0x3fc98700 0x4201aa3c:0x3fc98730 0x4037a191:0x3fc98760




ELF file SHA256: e65756f19

Rebooting...
ESP-ROM:esp32s3-20210327
Build:Mar 27 2021
rst:0xc (RTC_SW_CPU_RST),boot:0x8 (SPI_FAST_FLASH_BOOT)
Saved PC:0x403798dc
SPIWP:0xee
mode:DIO, clock div:1
load:0x3fce2820,len:0x158c
load:0x403c8700,len:0xd24
load:0x403cb700,len:0x2f34
entry 0x403c8924
[0;32mI (24) boot: ESP-IDF v5.5.1 2nd stage bootloader[0m
[0;32mI (24) boot: compile time Dec 18 2025 13:52:19[0m
[0;32mI (24) boot: Multicore bootloader[0m
[0;32mI (24) boot: chip revision: v0.2[0m
[0;32mI (27) boot: efuse block revision: v1.3[0m
[0;32mI (31) boot.esp32s3: Boot SPI Speed : 80MHz[0m
[0;32mI (34) boot.esp32s3: SPI Mode       : DIO[0m
[0;32mI (38) boot.esp32s3: SPI Flash Size : 16MB[0m
[0;32mI (42) boot: Enabling RNG early entropy source...[0m
[0;32mI (47) boot: Partition Table:[0m
[0;32mI (49) boot: ## Label            Usage          Type ST Offset   Length[0m
[0;32mI (55) boot:  0 nvs              WiFi data        01 02 00009000 00006000[0m
[0;32mI (62) boot:  1 phy_init         RF data          01 01 0000f000 00001000[0m
[0;32mI (68) boot:  2 factory          factory app      00 00 00010000 00100000[0m
[0;32mI (75) boot: End of partition table[0m
[0;32mI (78) esp_image: segment 0: paddr=00010020 vaddr=3c020020 size=0b88ch ( 47244) map[0m
[0;32mI (94) esp_image: segment 1: paddr=0001b8b4 vaddr=3fc92900 size=02be0h ( 11232) load[0m
[0;32mI (97) esp_image: segment 2: paddr=0001e49c vaddr=40374000 size=01b7ch (  7036) load[0m
[0;32mI (102) esp_image: segment 3: paddr=00020020 vaddr=42000020 size=1b164h (110948) map[0m
[0;32mI (128) esp_image: segment 4: paddr=0003b18c vaddr=40375b7c size=0cc88h ( 52360) load[0m
[0;32mI (139) esp_image: segment 5: paddr=00047e1c vaddr=50000000 size=00020h (    32) load[0m
[0;32mI (146) boot: Loaded app from partition at offset 0x10000[0m
[0;32mI (146) boot: Disabling RNG early entropy source...[0m
[0;32mI (157) cpu_start: Multicore app[0m
[0;32mI (166) cpu_start: Pro cpu start user code[0m
[0;32mI (166) cpu_start: cpu freq: 160000000 Hz[0m
[0;32mI (166) app_init: Application information:[0m
[0;32mI (167) app_init: Project name:     002[0m
[0;32mI (170) app_init: App version:      1[0m
[0;32mI (173) app_init: Compile time:     Dec 18 2025 13:53:51[0m
[0;32mI (178) app_init: ELF file SHA256:  e65756f19...[0m
[0;32mI (183) app_init: ESP-IDF:          v5.5.1[0m
[0;32mI (186) efuse_init: Min chip rev:     v0.0[0m
[0;32mI (190) efuse_init: Max chip rev:     v0.99 [0m
[0;32mI (194) efuse_init: Chip rev:         v0.2[0m
[0;32mI (198) heap_init: Initializing. RAM available for dynamic allocation:[0m
[0;32mI (204) heap_init: At 3FC95E58 len 000538B8 (334 KiB): RAM[0m
[0;32mI (210) heap_init: At 3FCE9710 len 00005724 (21 KiB): RAM[0m
[0;32mI (215) heap_init: At 3FCF0000 len 00008000 (32 KiB): DRAM[0m
[0;32mI (220) heap_init: At 600FE000 len 00001FE8 (7 KiB): RTCRAM[0m
[0;32mI (226) spi_flash: detected chip: generic[0m
[0;32mI (229) spi_flash: flash io: dio[0m
[0;32mI (232) sleep_gpio: Configure to isolate all GPIO pins in sleep state[0m
[0;32mI (238) sleep_gpio: Enable automatic switching of GPIO sleep configuration[0m
[0;32mI (245) main_task: Started on CPU0[0m
[0;32mI (255) main_task: Calling app_main()[0m
[0;32mI (255) LASER_ADC: Laser PWM + ADC sample (GPIO5 PWM, GPIO44 ADC)[0m
[0;32mI (255) LASER_ADC: Laser PWM set full on @ GPIO5[0m
ESP_ERROR_CHECK failed: esp_err_t 0x105 (ESP_ERR_NOT_FOUND) at 0x42009516
file: "./main/002.c" line 53
func: adc_init_gpio44
expression: adc_oneshot_io_to_channel(ADC_GPIO, &adc_unit, &adc_chan)

abort() was called at PC 0x4037974b on core 0


Backtrace: 0x4037978d:0x3fc985d0 0x40379755:0x3fc985f0 0x403800f1:0x3fc98610 0x4037974b:0x3fc98680 0x42009516:0x3fc986b0 0x420095c3:0x3fc98700 0x4201aa3c:0x3fc98730 0x4037a191:0x3fc98760




ELF file SHA256: e65756f19

Rebooting...
ESP-ROM:esp32s3-20210327
Build:Mar 27 2021
rst:0xc (RTC_SW_CPU_RST),boot:0x8 (SPI_FAST_FLASH_BOOT)
Saved PC:0x403798dc
SPIWP:0xee
mode:DIO, clock div:1
load:0x3fce2820,len:0x158c
load:0x403c8700,len:0xd24
load:0x403cb700,len:0x2f34
entry 0x403c8924
[0;32mI (24) boot: ESP-IDF v5.5.1 2nd stage bootloader[0m
[0;32mI (24) boot: compile time Dec 18 2025 13:52:19[0m
[0;32mI (24) boot: Multicore bootloader[0m
[0;32mI (24) boot: chip revision: v0.2[0m
[0;32mI (27) boot: efuse block revision: v1.3[0m
[0;32mI (31) boot.esp32s3: Boot SPI Speed : 80MHz[0m
[0;32mI (34) boot.esp32s3: SPI Mode       : DIO[0m
[0;32mI (38) boot.esp32s3: SPI Flash Size : 16MB[0m
[0;32mI (42) boot: Enabling RNG early entropy source...[0m
[0;32mI (47) boot: Partition Table:[0m
[0;32mI (49) boot: ## Label            Usage          Type ST Offset   Length[0m
[0;32mI (55) boot:  0 nvs              WiFi data        01 02 00009000 00006000[0m
[0;32mI (62) boot:  1 phy_init         RF data          01 01 0000f000 00001000[0m
[0;32mI (68) boot:  2 factory          factory app      00 00 00010000 00100000[0m
[0;32mI (75) boot: End of partition table[0m
[0;32mI (78) esp_image: segment 0: paddr=00010020 vaddr=3c020020 size=0b88ch ( 47244) map[0m
[0;32mI (94) esp_image: segment 1: paddr=0001b8b4 vaddr=3fc92900 size=02be0h ( 11232) load[0m
[0;32mI (97) esp_image: segment 2: paddr=0001e49c vaddr=40374000 size=01b7ch (  7036) load[0m
[0;32mI (102) esp_image: segment 3: paddr=00020020 vaddr=42000020 size=1b164h (110948) map[0m
[0;32mI (128) esp_image: segment 4: paddr=0003b18c vaddr=40375b7c size=0cc88h ( 52360) load[0m
[0;32mI (139) esp_image: segment 5: paddr=00047e1c vaddr=50000000 size=00020h (    32) load[0m
[0;32mI (146) boot: Loaded app from partition at offset 0x10000[0m
[0;32mI (146) boot: Disabling RNG early entropy source...[0m
[0;32mI (157) cpu_start: Multicore app[0m
[0;32mI (166) cpu_start: Pro cpu start user code[0m
[0;32mI (166) cpu_start: cpu freq: 160000000 Hz[0m
[0;32mI (166) app_init: Application information:[0m
[0;32mI (167) app_init: Project name:     002[0m
[0;32mI (170) app_init: App version:      1[0m
[0;32mI (173) app_init: Compile time:     Dec 18 2025 13:53:51[0m
[0;32mI (178) app_init: ELF file SHA256:  e65756f19...[0m
[0;32mI (183) app_init: ESP-IDF:          v5.5.1[0m
[0;32mI (186) efuse_init: Min chip rev:     v0.0[0m
[0;32mI (190) efuse_init: Max chip rev:     v0.99 [0m
[0;32mI (194) efuse_init: Chip rev:         v0.2[0m
[0;32mI (198) heap_init: Initializing. RAM available for dynamic allocation:[0m
[0;32mI (204) heap_init: At 3FC95E58 len 000538B8 (334 KiB): RAM[0m
[0;32mI (210) heap_init: At 3FCE9710 len 00005724 (21 KiB): RAM[0m
[0;32mI (215) heap_init: At 3FCF0000 len 00008000 (32 KiB): DRAM[0m
[0;32mI (220) heap_init: At 600FE000 len 00001FE8 (7 KiB): RTCRAM[0m
[0;32mI (226) spi_flash: detected chip: generic[0m
[0;32mI (229) spi_flash: flash io: dio[0m
[0;32mI (232) sleep_gpio: Configure to isolate all GPIO pins in sleep state[0m
[0;32mI (238) sleep_gpio: Enable automatic switching of GPIO sleep configuration[0m
[0;32mI (245) main_task: Started on CPU0[0m
[0;32mI (255) main_task: Calling app_main()[0m
[0;32mI (255) LASER_ADC: Laser PWM + ADC sample (GPIO5 PWM, GPIO44 ADC)[0m
[0;32mI (255) LASER_ADC: Laser PWM set full on @ GPIO5[0m
ESP_ERROR_CHECK failed: esp_err_t 0x105 (ESP_ERR_NOT_FOUND) at 0x42009516
file: "./main/002.c" line 53
func: adc_init_gpio44
expression: adc_oneshot_io_to_channel(ADC_GPIO, &adc_unit, &adc_chan)

abort() was called at PC 0x4037974b on core 0


Backtrace: 0x4037978d:0x3fc985d0 0x40379755:0x3fc985f0 0x403800f1:0x3fc98610 0x4037974b:0x3fc98680 0x42009516:0x3fc986b0 0x420095c3:0x3fc98700 0x4201aa3c:0x3fc98730 0x4037a191:0x3fc98760




ELF file SHA256: e65756f19

Rebooting...
ESP-ROM:esp32s3-20210327
Build:Mar 27 2021
rst:0xc (RTC_SW_CPU_RST),boot:0x8 (SPI_FAST_FLASH_BOOT)
Saved PC:0x403798dc
SPIWP:0xee
mode:DIO, clock div:1
load:0x3fce2820,len:0x158c
load:0x403c8700,len:0xd24
load:0x403cb700,len:0x2f34
entry 0x403c8924
[0;32mI (24) boot: ESP-IDF v5.5.1 2nd stage bootloader[0m
[0;32mI (24) boot: compile time Dec 18 2025 13:52:19[0m
[0;32mI (24) boot: Multicore bootloader[0m
[0;32mI (24) boot: chip revision: v0.2[0m
[0;32mI (27) boot: efuse block revision: v1.3[0m
[0;32mI (31) boot.esp32s3: Boot SPI Speed : 80MHz[0m
[0;32mI (34) boot.esp32s3: SPI Mode       : DIO[0m
[0;32mI (38) boot.esp32s3: SPI Flash Size : 16MB[0m
[0;32mI (42) boot: Enabling RNG early entropy source...[0m
[0;32mI (47) boot: Partition Table:[0m
[0;32mI (49) boot: ## Label            Usage          Type ST Offset   Length[0m
[0;32mI (55) boot:  0 nvs              WiFi data        01 02 00009000 00006000[0m
[0;32mI (62) boot:  1 phy_init         RF data          01 01 0000f000 00001000[0m
[0;32mI (68) boot:  2 factory          factory app      00 00 00010000 00100000[0m
[0;32mI (75) boot: End of partition table[0m
[0;32mI (78) esp_image: segment 0: paddr=00010020 vaddr=3c020020 size=0b88ch ( 47244) map[0m
[0;32mI (94) esp_image: segment 1: paddr=0001b8b4 vaddr=3fc92900 size=02be0h ( 11232) load[0m
[0;32mI (97) esp_image: segment 2: paddr=0001e49c vaddr=40374000 size=01b7ch (  7036) load[0m
[0;32mI (102) esp_image: segment 3: paddr=00020020 vaddr=42000020 size=1b164h (110948) map[0m
[0;32mI (128) esp_image: segment 4: paddr=0003b18c vaddr=40375b7c size=0cc88h ( 52360) load[0m
[0;32mI (139) esp_image: segment 5: paddr=00047e1c vaddr=50000000 size=00020h (    32) load[0m
[0;32mI (146) boot: Loaded app from partition at offset 0x10000[0m
[0;32mI (146) boot: Disabling RNG early entropy source...[0m
[0;32mI (157) cpu_start: Multicore app[0m
[0;32mI (166) cpu_start: Pro cpu start user code[0m
[0;32mI (166) cpu_start: cpu freq: 160000000 Hz[0m
[0;32mI (167) app_init: Application information:[0m
[0;32mI (167) app_init: Project name:     002[0m
[0;32mI (170) app_init: App version:      1[0m
[0;32mI (173) app_init: Compile time:     Dec 18 2025 13:53:51[0m
[0;32mI (178) app_init: ELF file SHA256:  e65756f19...[0m
[0;32mI (183) app_init: ESP-IDF:          v5.5.1[0m
[0;32mI (187) efuse_init: Min chip rev:     v0.0[0m
[0;32mI (190) efuse_init: Max chip rev:     v0.99 [0m
[0;32mI (194) efuse_init: Chip rev:         v0.2[0m
[0;32mI (198) heap_init: Initializing. RAM available for dynamic allocation:[0m
[0;32mI (205) heap_init: At 3FC95E58 len 000538B8 (334 KiB): RAM[0m
[0;32mI (210) heap_init: At 3FCE9710 len 00005724 (21 KiB): RAM[0m
[0;32mI (215) heap_init: At 3FCF0000 len 00008000 (32 KiB): DRAM[0m
[0;32mI (220) heap_init: At 600FE000 len 00001FE8 (7 KiB): RTCRAM[0m
[0;32mI (226) spi_flash: detected chip: generic[0m
[0;32mI (229) spi_flash: flash io: dio[0m
[0;32mI (232) sleep_gpio: Configure to isolate all GPIO pins in sleep state[0m
[0;32mI (238) sleep_gpio: Enable automatic switching of GPIO sleep configuration[0m
[0;32mI (245) main_task: Started on CPU0[0m
[0;32mI (255) main_task: Calling app_main()[0m
[0;32mI (255) LASER_ADC: Laser PWM + ADC sample (GPIO5 PWM, GPIO44 ADC)[0m
[0;32mI (255) LASER_ADC: Laser PWM set full on @ GPIO5[0m
ESP_ERROR_CHECK failed: esp_err_t 0x105 (ESP_ERR_NOT_FOUND) at 0x42009516
file: "./main/002.c" line 53
func: adc_init_gpio44
expression: adc_oneshot_io_to_channel(ADC_GPIO, &adc_unit, &adc_chan)

abort() was called at PC 0x4037974b on core 0


Backtrace: 0x4037978d:0x3fc985d0 0x40379755:0x3fc985f0 0x403800f1:0x3fc98610 0x4037974b:0x3fc98680 0x42009516:0x3fc986b0 0x420095c3:0x3fc98700 0x4201aa3c:0x3fc98730 0x4037a191:0x3fc98760




ELF file SHA256: e65756f19

Rebooting...
ESP-ROM:esp32s3-20210327
Build:Mar 27 2021
rst:0xc (RTC_SW_CPU_RST),boot:0x8 (SPI_FAST_FLASH_BOOT)
Saved PC:0x403798dc
SPIWP:0xee
mode:DIO, clock div:1
load:0x3fce2820,len:0x158c
load:0x403c8700,len:0xd24
load:0x403cb700,len:0x2f34
entry 0x403c8924
[0;32mI (24) boot: ESP-IDF v5.5.1 2nd stage bootloader[0m
[0;32mI (24) boot: compile time Dec 18 2025 13:52:19[0m
[0;32mI (24) boot: Multicore bootloader[0m
[0;32mI (25) boot: chip revision: v0.2[0m
[0;32mI (27) boot: efuse block revision: v1.3[0m
[0;32mI (31) boot.esp32s3: Boot SPI Speed : 80MHz[0m
[0;32mI (34) boot.esp32s3: SPI Mode       : DIO[0m
[0;32mI (38) boot.esp32s3: SPI Flash Size : 16MB[0m
[0;32mI (42) boot: Enabling RNG early entropy source...[0m
[0;32mI (47) boot: Partition Table:[0m
[0;32mI (49) boot: ## Label            Usage          Type ST Offset   Length[0m
[0;32mI (55) boot:  0 nvs              WiFi data        01 02 00009000 00006000[0m
[0;32mI (62) boot:  1 phy_init         RF data          01 01 0000f000 00001000[0m
[0;32mI (68) boot:  2 factory          factory app      00 00 00010000 00100000[0m
[0;32mI (75) boot: End of partition table[0m
[0;32mI (78) esp_image: segment 0: paddr=00010020 vaddr=3c020020 size=0b88ch ( 47244) map[0m
[0;32mI (94) esp_image: segment 1: paddr=0001b8b4 vaddr=3fc92900 size=02be0h ( 11232) load[0m
[0;32mI (97) esp_image: segment 2: paddr=0001e49c vaddr=40374000 size=01b7ch (  7036) load[0m
[0;32mI (102) esp_image: segment 3: paddr=00020020 vaddr=42000020 size=1b164h (110948) map[0m
[0;32mI (128) esp_image: segment 4: paddr=0003b18c vaddr=40375b7c size=0cc88h ( 52360) load[0m
[0;32mI (139) esp_image: segment 5: paddr=00047e1c vaddr=50000000 size=00020h (    32) load[0m
[0;32mI (146) boot: Loaded app from partition at offset 0x10000[0m
[0;32mI (146) boot: Disabling RNG early entropy source...[0m
[0;32mI (157) cpu_start: Multicore app[0m
[0;32mI (166) cpu_start: Pro cpu start user code[0m
[0;32mI (166) cpu_start: cpu freq: 160000000 Hz[0m
[0;32mI (166) app_init: Application information:[0m
[0;32mI (167) app_init: Project name:     002[0m
[0;32mI (170) app_init: App version:      1[0m
[0;32mI (173) app_init: Compile time:     Dec 18 2025 13:53:51[0m
[0;32mI (178) app_init: ELF file SHA256:  e65756f19...[0m
[0;32mI (183) app_init: ESP-IDF:          v5.5.1[0m
[0;32mI (186) efuse_init: Min chip rev:     v0.0[0m
[0;32mI (190) efuse_init: Max chip rev:     v0.99 [0m
[0;32mI (194) efuse_init: Chip rev:         v0.2[0m
[0;32mI (198) heap_init: Initializing. RAM available for dynamic allocation:[0m
[0;32mI (204) heap_init: At 3FC95E58 len 000538B8 (334 KiB): RAM[0m
[0;32mI (210) heap_init: At 3FCE9710 len 00005724 (21 KiB): RAM[0m
[0;32mI (215) heap_init: At 3FCF0000 len 00008000 (32 KiB): DRAM[0m
[0;32mI (220) heap_init: At 600FE000 len 00001FE8 (7 KiB): RTCRAM[0m
[0;32mI (226) spi_flash: detected chip: generic[0m
[0;32mI (229) spi_flash: flash io: dio[0m
[0;32mI (232) sleep_gpio: Configure to isolate all GPIO pins in sleep state[0m
[0;32mI (238) sleep_gpio: Enable automatic switching of GPIO sleep configuration[0m
[0;32mI (245) main_task: Started on CPU0[0m
[0;32mI (255) main_task: Calling app_main()[0m
[0;32mI (255) LASER_ADC: Laser PWM + ADC sample (GPIO5 PWM, GPIO44 ADC)[0m
[0;32mI (255) LASER_ADC: Laser PWM set full on @ GPIO5[0m
ESP_ERROR_CHECK failed: esp_err_t 0x105 (ESP_ERR_NOT_FOUND) at 0x42009516
file: "./main/002.c" line 53
func: adc_init_gpio44
expression: adc_oneshot_io_to_channel(ADC_GPIO, &adc_unit, &adc_chan)

abort() was called at PC 0x4037974b on core 0


Backtrace: 0x4037978d:0x3fc985d0 0x40379755:0x3fc985f0 0x403800f1:0x3fc98610 0x4037974b:0x3fc98680 0x42009516:0x3fc986b0 0x420095c3:0x3fc98700 0x4201aa3c:0x3fc98730 0x4037a191:0x3fc98760




ELF file SHA256: e65756f19

Rebooting...
ESP-ROM:esp32s3-20210327
Build:Mar 27 2021
rst:0xc (RTC_SW_CPU_RST),boot:0x8 (SPI_FAST_FLASH_BOOT)
Saved PC:0x403798dc
SPIWP:0xee
mode:DIO, clock div:1
load:0x3fce2820,len:0x158c
load:0x403c8700,len:0xd24
load:0x403cb700,len:0x2f34
entry 0x403c8924
[0;32mI (24) boot: ESP-IDF v5.5.1 2nd stage bootloader[0m
[0;32mI (24) boot: compile time Dec 18 2025 13:52:19[0m
[0;32mI (24) boot: Multicore bootloader[0m
[0;32mI (24) boot: chip revision: v0.2[0m
[0;32mI (27) boot: efuse block revision: v1.3[0m
[0;32mI (31) boot.esp32s3: Boot SPI Speed : 80MHz[0m
[0;32mI (34) boot.esp32s3: SPI Mode       : DIO[0m
[0;32mI (38) boot.esp32s3: SPI Flash Size : 16MB[0m
[0;32mI (42) boot: Enabling RNG early entropy source...[0m
[0;32mI (47) boot: Partition Table:[0m
[0;32mI (49) boot: ## Label            Usage          Type ST Offset   Length[0m
[0;32mI (55) boot:  0 nvs              WiFi data        01 02 00009000 00006000[0m
[0;32mI (62) boot:  1 phy_init         RF data          01 01 0000f000 00001000[0m
[0;32mI (68) boot:  2 factory          factory app      00 00 00010000 00100000[0m
[0;32mI (75) boot: End of partition table[0m
[0;32mI (78) esp_image: segment 0: paddr=00010020 vaddr=3c020020 size=0b88ch ( 47244) map[0m
[0;32mI (94) esp_image: segment 1: paddr=0001b8b4 vaddr=3fc92900 size=02be0h ( 11232) load[0m
[0;32mI (97) esp_image: segment 2: paddr=0001e49c vaddr=40374000 size=01b7ch (  7036) load[0m
[0;32mI (102) esp_image: segment 3: paddr=00020020 vaddr=42000020 size=1b164h (110948) map[0m
[0;32mI (128) esp_image: segment 4: paddr=0003b18c vaddr=40375b7c size=0cc88h ( 52360) load[0m
[0;32mI (139) esp_image: segment 5: paddr=00047e1c vaddr=50000000 size=00020h (    32) load[0m
[0;32mI (146) boot: Loaded app from partition at offset 0x10000[0m
[0;32mI (146) boot: Disabling RNG early entropy source...[0m
[0;32mI (157) cpu_start: Multicore app[0m
[0;32mI (166) cpu_start: Pro cpu start user code[0m
[0;32mI (166) cpu_start: cpu freq: 160000000 Hz[0m
[0;32mI (166) app_init: Application information:[0m
[0;32mI (167) app_init: Project name:     002[0m
[0;32mI (170) app_init: App version:      1[0m
[0;32mI (173) app_init: Compile time:     Dec 18 2025 13:53:51[0m
[0;32mI (178) app_init: ELF file SHA256:  e65756f19...[0m
[0;32mI (183) app_init: ESP-IDF:          v5.5.1[0m
[0;32mI (186) efuse_init: Min chip rev:     v0.0[0m
[0;32mI (190) efuse_init: Max chip rev:     v0.99 [0m
[0;32mI (194) efuse_init: Chip rev:         v0.2[0m
[0;32mI (198) heap_init: Initializing. RAM available for dynamic allocation:[0m
[0;32mI (204) heap_init: At 3FC95E58 len 000538B8 (334 KiB): RAM[0m
[0;32mI (210) heap_init: At 3FCE9710 len 00005724 (21 KiB): RAM[0m
[0;32mI (215) heap_init: At 3FCF0000 len 00008000 (32 KiB): DRAM[0m
[0;32mI (220) heap_init: At 600FE000 len 00001FE8 (7 KiB): RTCRAM[0m
[0;32mI (226) spi_flash: detected chip: generic[0m
[0;32mI (229) spi_flash: flash io: dio[0m
[0;32mI (232) sleep_gpio: Configure to isolate all GPIO pins in sleep state[0m
[0;32mI (238) sleep_gpio: Enable automatic switching of GPIO sleep configuration[0m
[0;32mI (245) main_task: Started on CPU0[0m
[0;32mI (255) main_task: Calling app_main()[0m
[0;32mI (255) LASER_ADC: Laser PWM + ADC sample (GPIO5 PWM, GPIO44 ADC)[0m
[0;32mI (255) LASER_ADC: Laser PWM set full on @ GPIO5[0m
ESP_ERROR_CHECK failed: esp_err_t 0x105 (ESP_ERR_NOT_FOUND) at 0x42009516
file: "./main/002.c" line 53
func: adc_init_gpio44
expression: adc_oneshot_io_to_channel(ADC_GPIO, &adc_unit, &adc_chan)

abort() was called at PC 0x4037974b on core 0


Backtrace: 0x4037978d:0x3fc985d0 0x40379755:0x3fc985f0 0x403800f1:0x3fc98610 0x4037974b:0x3fc98680 0x42009516:0x3fc986b0 0x420095c3:0x3fc98700 0x4201aa3c:0x3fc98730 0x4037a191:0x3fc98760




ELF file SHA256: e65756f19

Rebooting...
ESP-ROM:esp32s3-20210327
Build:Mar 27 2021
rst:0xc (RTC_SW_CPU_RST),boot:0x8 (SPI_FAST_FLASH_BOOT)
Saved PC:0x403798dc
SPIWP:0xee
mode:DIO, clock div:1
load:0x3fce2820,len:0x158c
load:0x403c8700,len:0xd24
load:0x403cb700,len:0x2f34
entry 0x403c8924
[0;32mI (24) boot: ESP-IDF v5.5.1 2nd stage bootloader[0m
[0;32mI (24) boot: compile time Dec 18 2025 13:52:19[0m
[0;32mI (24) boot: Multicore bootloader[0m
[0;32mI (24) boot: chip revision: v0.2[0m
[0;32mI (27) boot: efuse block revision: v1.3[0m
[0;32mI (31) boot.esp32s3: Boot SPI Speed : 80MHz[0m
[0;32mI (34) boot.esp32s3: SPI Mode       : DIO[0m
[0;32mI (38) boot.esp32s3: SPI Flash Size : 16MB[0m
[0;32mI (42) boot: Enabling RNG early entropy source...[0m
[0;32mI (47) boot: Partition Table:[0m
[0;32mI (49) boot: ## Label            Usage          Type ST Offset   Length[0m
[0;32mI (55) boot:  0 nvs              WiFi data        01 02 00009000 00006000[0m
[0;32mI (62) boot:  1 phy_init         RF data          01 01 0000f000 00001000[0m
[0;32mI (68) boot:  2 factory          factory app      00 00 00010000 00100000[0m
[0;32mI (75) boot: End of partition table[0m
[0;32mI (78) esp_image: segment 0: paddr=00010020 vaddr=3c020020 size=0b88ch ( 47244) map[0m
[0;32mI (94) esp_image: segment 1: paddr=0001b8b4 vaddr=3fc92900 size=02be0h ( 11232) load[0m
[0;32mI (97) esp_image: segment 2: paddr=0001e49c vaddr=40374000 size=01b7ch (  7036) load[0m
[0;32mI (102) esp_image: segment 3: paddr=00020020 vaddr=42000020 size=1b164h (110948) map[0m
[0;32mI (128) esp_image: segment 4: paddr=0003b18c vaddr=40375b7c size=0cc88h ( 52360) load[0m
[0;32mI (139) esp_image: segment 5: paddr=00047e1c vaddr=50000000 size=00020h (    32) load[0m
[0;32mI (146) boot: Loaded app from partition at offset 0x10000[0m
[0;32mI (146) boot: Disabling RNG early entropy source...[0m
[0;32mI (157) cpu_start: Multicore app[0m
[0;32mI (166) cpu_start: Pro cpu start user code[0m
[0;32mI (166) cpu_start: cpu freq: 160000000 Hz[0m
[0;32mI (166) app_init: Application information:[0m
[0;32mI (167) app_init: Project name:     002[0m
[0;32mI (170) app_init: App version:      1[0m
[0;32mI (173) app_init: Compile time:     Dec 18 2025 13:53:51[0m
[0;32mI (178) app_init: ELF file SHA256:  e65756f19...[0m
[0;32mI (183) app_init: ESP-IDF:          v5.5.1[0m
[0;32mI (186) efuse_init: Min chip rev:     v0.0[0m
[0;32mI (190) efuse_init: Max chip rev:     v0.99 [0m
[0;32mI (194) efuse_init: Chip rev:         v0.2[0m
[0;32mI (198) heap_init: Initializing. RAM available for dynamic allocation:[0m
[0;32mI (204) heap_init: At 3FC95E58 len 000538B8 (334 KiB): RAM[0m
[0;32mI (210) heap_init: At 3FCE9710 len 00005724 (21 KiB): RAM[0m
[0;32mI (215) heap_init: At 3FCF0000 len 00008000 (32 KiB): DRAM[0m
[0;32mI (220) heap_init: At 600FE000 len 00001FE8 (7 KiB): RTCRAM[0m
[0;32mI (226) spi_flash: detected chip: generic[0m
[0;32mI (229) spi_flash: flash io: dio[0m
[0;32mI (232) sleep_gpio: Configure to isolate all GPIO pins in sleep state[0m
[0;32mI (238) sleep_gpio: Enable automatic switching of GPIO sleep configuration[0m
[0;32mI (245) main_task: Started on CPU0[0m
[0;32mI (255) main_task: Calling app_main()[0m
[0;32mI (255) LASER_ADC: Laser PWM + ADC sample (GPIO5 PWM, GPIO44 ADC)[0m
[0;32mI (255) LASER_ADC: Laser PWM set full on @ GPIO5[0m
ESP_ERROR_CHECK failed: esp_err_t 0x105 (ESP_ERR_NOT_FOUND) at 0x42009516
file: "./main/002.c" line 53
func: adc_init_gpio44
expression: adc_oneshot_io_to_channel(ADC_GPIO, &adc_unit, &adc_chan)

abort() was called at PC 0x4037974b on core 0


Backtrace: 0x4037978d:0x3fc985d0 0x40379755:0x3fc985f0 0x403800f1:0x3fc98610 0x4037974b:0x3fc98680 0x42009516:0x3fc986b0 0x420095c3:0x3fc98700 0x4201aa3c:0x3fc98730 0x4037a191:0x3fc98760




ELF file SHA256: e65756f19

Rebooting...
ESP-ROM:esp32s3-20210327
Build:Mar 27 2021
rst:0xc (RTC_SW_CPU_RST),boot:0x8 (SPI_FAST_FLASH_BOOT)
Saved PC:0x403798dc
SPIWP:0xee
mode:DIO, clock div:1
load:0x3fce2820,len:0x158c
load:0x403c8700,len:0xd24
load:0x403cb700,len:0x2f34
entry 0x403c8924
[0;32mI (24) boot: ESP-IDF v5.5.1 2nd stage bootloader[0m
[0;32mI (24) boot: compile time Dec 18 2025 13:52:19[0m
[0;32mI (24) boot: Multicore bootloader[0m
[0;32mI (24) boot: chip revision: v0.2[0m
[0;32mI (27) boot: efuse block revision: v1.3[0m
[0;32mI (31) boot.esp32s3: Boot SPI Speed : 80MHz[0m
[0;32mI (34) boot.esp32s3: SPI Mode       : DIO[0m
[0;32mI (38) boot.esp32s3: SPI Flash Size : 16MB[0m
[0;32mI (42) boot: Enabling RNG early entropy source...[0m
[0;32mI (47) boot: Partition Table:[0m
[0;32mI (49) boot: ## Label            Usage          Type ST Offset   Length[0m
[0;32mI (55) boot:  0 nvs              WiFi data        01 02 00009000 00006000[0m
[0;32mI (62) boot:  1 phy_init         RF data          01 01 0000f000 00001000[0m
[0;32mI (68) boot:  2 factory          factory app      00 00 00010000 00100000[0m
[0;32mI (75) boot: End of partition table[0m
[0;32mI (78) esp_image: segment 0: paddr=00010020 vaddr=3c020020 size=0b88ch ( 47244) map[0m
[0;32mI (94) esp_image: segment 1: paddr=0001b8b4 vaddr=3fc92900 size=02be0h ( 11232) load[0m
[0;32mI (97) esp_image: segment 2: paddr=0001e49c vaddr=40374000 size=01b7ch (  7036) load[0m
[0;32mI (102) esp_image: segment 3: paddr=00020020 vaddr=42000020 size=1b164h (110948) map[0m
[0;32mI (128) esp_image: segment 4: paddr=0003b18c vaddr=40375b7c size=0cc88h ( 52360) load[0m
[0;32mI (139) esp_image: segment 5: paddr=00047e1c vaddr=50000000 size=00020h (    32) load[0m
[0;32mI (146) boot: Loaded app from partition at offset 0x10000[0m
[0;32mI (146) boot: Disabling RNG early entropy source...[0m
[0;32mI (157) cpu_start: Multicore app[0m
[0;32mI (166) cpu_start: Pro cpu start user code[0m
[0;32mI (166) cpu_start: cpu freq: 160000000 Hz[0m
[0;32mI (166) app_init: Application information:[0m
[0;32mI (167) app_init: Project name:     002[0m
[0;32mI (170) app_init: App version:      1[0m
[0;32mI (173) app_init: Compile time:     Dec 18 2025 13:53:51[0m
[0;32mI (178) app_init: ELF file SHA256:  e65756f19...[0m
[0;32mI (183) app_init: ESP-IDF:          v5.5.1[0m
[0;32mI (186) efuse_init: Min chip rev:     v0.0[0m
[0;32mI (190) efuse_init: Max chip rev:     v0.99 [0m
[0;32mI (194) efuse_init: Chip rev:         v0.2[0m
[0;32mI (198) heap_init: Initializing. RAM available for dynamic allocation:[0m
[0;32mI (204) heap_init: At 3FC95E58 len 000538B8 (334 KiB): RAM[0m
[0;32mI (210) heap_init: At 3FCE9710 len 00005724 (21 KiB): RAM[0m
[0;32mI (215) heap_init: At 3FCF0000 len 00008000 (32 KiB): DRAM[0m
[0;32mI (220) heap_init: At 600FE000 len 00001FE8 (7 KiB): RTCRAM[0m
[0;32mI (226) spi_flash: detected chip: generic[0m
[0;32mI (229) spi_flash: flash io: dio[0m
[0;32mI (232) sleep_gpio: Configure to isolate all GPIO pins in sleep state[0m
[0;32mI (238) sleep_gpio: Enable automatic switching of GPIO sleep configuration[0m
[0;32mI (245) main_task: Started on CPU0[0m
[0;32mI (255) main_task: Calling app_main()[0m
[0;32mI (255) LASER_ADC: Laser PWM + ADC sample (GPIO5 PWM, GPIO44 ADC)[0m
[0;32mI (255) LASER_ADC: Laser PWM set full on @ GPIO5[0m
ESP_ERROR_CHECK failed: esp_err_t 0x105 (ESP_ERR_NOT_FOUND) at 0x42009516
file: "./main/002.c" line 53
func: adc_init_gpio44
expression: adc_oneshot_io_to_channel(ADC_GPIO, &adc_unit, &adc_chan)

abort() was called at PC 0x4037974b on core 0


Backtrace: 0x4037978d:0x3fc985d0 0x40379755:0x3fc985f0 0x403800f1:0x3fc98610 0x4037974b:0x3fc98680 0x42009516:0x3fc986b0 0x420095c3:0x3fc98700 0x4201aa3c:0x3fc98730 0x4037a191:0x3fc98760




ELF file SHA256: e65756f19

Rebooting...
ESP-ROM:esp32s3-20210327
Build:Mar 27 2021
rst:0xc (RTC_SW_CPU_RST),boot:0x8 (SPI_FAST_FLASH_BOOT)
Saved PC:0x403798dc
SPIWP:0xee
mode:DIO, clock div:1
load:0x3fce2820,len:0x158c
load:0x403c8700,len:0xd24
load:0x403cb700,len:0x2f34
entry 0x403c8924
[0;32mI (24) boot: ESP-IDF v5.5.1 2nd stage bootloader[0m
[0;32mI (24) boot: compile time Dec 18 2025 13:52:19[0m
[0;32mI (24) boot: Multicore bootloader[0m
[0;32mI (24) boot: chip revision: v0.2[0m
[0;32mI (27) boot: efuse block revision: v1.3[0m
[0;32mI (31) boot.esp32s3: Boot SPI Speed : 80MHz[0m
[0;32mI (34) boot.esp32s3: SPI Mode       : DIO[0m
[0;32mI (38) boot.esp32s3: SPI Flash Size : 16MB[0m
[0;32mI (42) boot: Enabling RNG early entropy source...[0m
[0;32mI (47) boot: Partition Table:[0m
[0;32mI (49) boot: ## Label            Usage          Type ST Offset   Length[0m
[0;32mI (55) boot:  0 nvs              WiFi data        01 02 00009000 00006000[0m
[0;32mI (62) boot:  1 phy_init         RF data          01 01 0000f000 00001000[0m
[0;32mI (68) boot:  2 factory          factory app      00 00 00010000 00100000[0m
[0;32mI (75) boot: End of partition table[0m
[0;32mI (78) esp_image: segment 0: paddr=00010020 vaddr=3c020020 size=0b88ch ( 47244) map[0m
[0;32mI (94) esp_image: segment 1: paddr=0001b8b4 vaddr=3fc92900 size=02be0h ( 11232) load[0m
[0;32mI (97) esp_image: segment 2: paddr=0001e49c vaddr=40374000 size=01b7ch (  7036) load[0m
[0;32mI (102) esp_image: segment 3: paddr=00020020 vaddr=42000020 size=1b164h (110948) map[0m
[0;32mI (128) esp_image: segment 4: paddr=0003b18c vaddr=40375b7c size=0cc88h ( 52360) load[0m
[0;32mI (139) esp_image: segment 5: paddr=00047e1c vaddr=50000000 size=00020h (    32) load[0m
[0;32mI (146) boot: Loaded app from partition at offset 0x10000[0m
[0;32mI (146) boot: Disabling RNG early entropy source...[0m
[0;32mI (157) cpu_start: Multicore app[0m
[0;32mI (166) cpu_start: Pro cpu start user code[0m
[0;32mI (166) cpu_start: cpu freq: 160000000 Hz[0m
[0;32mI (166) app_init: Application information:[0m
[0;32mI (167) app_init: Project name:     002[0m
[0;32mI (170) app_init: App version:      1[0m
[0;32mI (173) app_init: Compile time:     Dec 18 2025 13:53:51[0m
[0;32mI (178) app_init: ELF file SHA256:  e65756f19...[0m
[0;32mI (183) app_init: ESP-IDF:          v5.5.1[0m
[0;32mI (186) efuse_init: Min chip rev:     v0.0[0m
[0;32mI (190) efuse_init: Max chip rev:     v0.99 [0m
[0;32mI (194) efuse_init: Chip rev:         v0.2[0m
[0;32mI (198) heap_init: Initializing. RAM available for dynamic allocation:[0m
[0;32mI (204) heap_init: At 3FC95E58 len 000538B8 (334 KiB): RAM[0m
[0;32mI (210) heap_init: At 3FCE9710 len 00005724 (21 KiB): RAM[0m
[0;32mI (215) heap_init: At 3FCF0000 len 00008000 (32 KiB): DRAM[0m
[0;32mI (220) heap_init: At 600FE000 len 00001FE8 (7 KiB): RTCRAM[0m
[0;32mI (226) spi_flash: detected chip: generic[0m
[0;32mI (229) spi_flash: flash io: dio[0m
[0;32mI (232) sleep_gpio: Configure to isolate all GPIO pins in sleep state[0m
[0;32mI (238) sleep_gpio: Enable automatic switching of GPIO sleep configuration[0m
[0;32mI (245) main_task: Started on CPU0[0m
[0;32mI (255) main_task: Calling app_main()[0m
[0;32mI (255) LASER_ADC: Laser PWM + ADC sample (GPIO5 PWM, GPIO44 ADC)[0m
[0;32mI (255) LASER_ADC: Laser PWM set full on @ GPIO5[0m
ESP_ERROR_CHECK failed: esp_err_t 0x105 (ESP_ERR_NOT_FOUND) at 0x42009516
file: "./main/002.c" line 53
func: adc_init_gpio44
expression: adc_oneshot_io_to_channel(ADC_GPIO, &adc_unit, &adc_chan)

abort() was called at PC 0x4037974b on core 0


Backtrace: 0x4037978d:0x3fc985d0 0x40379755:0x3fc985f0 0x403800f1:0x3fc98610 0x4037974b:0x3fc98680 0x42009516:0x3fc986b0 0x420095c3:0x3fc98700 0x4201aa3c:0x3fc98730 0x4037a191:0x3fc98760




ELF file SHA256: e65756f19

Rebooting...
ESP-ROM:esp32s3-20210327
Build:Mar 27 2021
rst:0xc (RTC_SW_CPU_RST),boot:0x8 (SPI_FAST_FLASH_BOOT)
Saved PC:0x403798dc
SPIWP:0xee
mode:DIO, clock div:1
load:0x3fce2820,len:0x158c
load:0x403c8700,len:0xd24
load:0x403cb700,len:0x2f34
entry 0x403c8924
[0;32mI (24) boot: ESP-IDF v5.5.1 2nd stage bootloader[0m
[0;32mI (24) boot: compile time Dec 18 2025 13:52:19[0m
[0;32mI (24) boot: Multicore bootloader[0m
[0;32mI (24) boot: chip revision: v0.2[0m
[0;32mI (27) boot: efuse block revision: v1.3[0m
[0;32mI (31) boot.esp32s3: Boot SPI Speed : 80MHz[0m
[0;32mI (34) boot.esp32s3: SPI Mode       : DIO[0m
[0;32mI (38) boot.esp32s3: SPI Flash Size : 16MB[0m
[0;32mI (42) boot: Enabling RNG early entropy source...[0m
[0;32mI (47) boot: Partition Table:[0m
[0;32mI (49) boot: ## Label            Usage          Type ST Offset   Length[0m
[0;32mI (55) boot:  0 nvs              WiFi data        01 02 00009000 00006000[0m
[0;32mI (62) boot:  1 phy_init         RF data          01 01 0000f000 00001000[0m
[0;32mI (68) boot:  2 factory          factory app      00 00 00010000 00100000[0m
[0;32mI (75) boot: End of partition table[0m
[0;32mI (78) esp_image: segment 0: paddr=00010020 vaddr=3c020020 size=0b88ch ( 47244) map[0m
[0;32mI (94) esp_image: segment 1: paddr=0001b8b4 vaddr=3fc92900 size=02be0h ( 11232) load[0m
[0;32mI (97) esp_image: segment 2: paddr=0001e49c vaddr=40374000 size=01b7ch (  7036) load[0m
[0;32mI (102) esp_image: segment 3: paddr=00020020 vaddr=42000020 size=1b164h (110948) map[0m
[0;32mI (128) esp_image: segment 4: paddr=0003b18c vaddr=40375b7c size=0cc88h ( 52360) load[0m
[0;32mI (139) esp_image: segment 5: paddr=00047e1c vaddr=50000000 size=00020h (    32) load[0m
[0;32mI (146) boot: Loaded app from partition at offset 0x10000[0m
[0;32mI (146) boot: Disabling RNG early entropy source...[0m
[0;32mI (157) cpu_start: Multicore app[0m
[0;32mI (166) cpu_start: Pro cpu start user code[0m
[0;32mI (166) cpu_start: cpu freq: 160000000 Hz[0m
[0;32mI (166) app_init: Application information:[0m
[0;32mI (167) app_init: Project name:     002[0m
[0;32mI (170) app_init: App version:      1[0m
[0;32mI (173) app_init: Compile time:     Dec 18 2025 13:53:51[0m
[0;32mI (178) app_init: ELF file SHA256:  e65756f19...[0m
[0;32mI (183) app_init: ESP-IDF:          v5.5.1[0m
[0;32mI (186) efuse_init: Min chip rev:     v0.0[0m
[0;32mI (190) efuse_init: Max chip rev:     v0.99 [0m
[0;32mI (194) efuse_init: Chip rev:         v0.2[0m
[0;32mI (198) heap_init: Initializing. RAM available for dynamic allocation:[0m
[0;32mI (204) heap_init: At 3FC95E58 len 000538B8 (334 KiB): RAM[0m
[0;32mI (210) heap_init: At 3FCE9710 len 00005724 (21 KiB): RAM[0m
[0;32mI (215) heap_init: At 3FCF0000 len 00008000 (32 KiB): DRAM[0m
[0;32mI (220) heap_init: At 600FE000 len 00001FE8 (7 KiB): RTCRAM[0m
[0;32mI (226) spi_flash: detected chip: generic[0m
[0;32mI (229) spi_flash: flash io: dio[0m
[0;32mI (232) sleep_gpio: Configure to isolate all GPIO pins in sleep state[0m
[0;32mI (238) sleep_gpio: Enable automatic switching of GPIO sleep configuration[0m
[0;32mI (245) main_task: Started on CPU0[0m
[0;32mI (255) main_task: Calling app_main()[0m
[0;32mI (255) LASER_ADC: Laser PWM + ADC sample (GPIO5 PWM, GPIO44 ADC)[0m
[0;32mI (255) LASER_ADC: Laser PWM set full on @ GPIO5[0m
ESP_ERROR_CHECK failed: esp_err_t 0x105 (ESP_ERR_NOT_FOUND) at 0x42009516
file: "./main/002.c" line 53
func: adc_init_gpio44
expression: adc_oneshot_io_to_channel(ADC_GPIO, &adc_unit, &adc_chan)

abort() was called at PC 0x4037974b on core 0


Backtrace: 0x4037978d:0x3fc985d0 0x40379755:0x3fc985f0 0x403800f1:0x3fc98610 0x4037974b:0x3fc98680 0x42009516:0x3fc986b0 0x420095c3:0x3fc98700 0x4201aa3c:0x3fc98730 0x4037a191:0x3fc98760




ELF file SHA256: e65756f19

Rebooting...
ESP-ROM:esp32s3-20210327
Build:Mar 27 2021
rst:0xc (RTC_SW_CPU_RST),boot:0x8 (SPI_FAST_FLASH_BOOT)
Saved PC:0x403798dc
SPIWP:0xee
mode:DIO, clock div:1
load:0x3fce2820,len:0x158c
load:0x403c8700,len:0xd24
load:0x403cb700,len:0x2f34
entry 0x403c8924
[0;32mI (24) boot: ESP-IDF v5.5.1 2nd stage bootloader[0m
[0;32mI (24) boot: compile time Dec 18 2025 13:52:19[0m
[0;32mI (24) boot: Multicore bootloader[0m
[0;32mI (24) boot: chip revision: v0.2[0m
[0;32mI (27) boot: efuse block revision: v1.3[0m
[0;32mI (31) boot.esp32s3: Boot SPI Speed : 80MHz[0m
[0;32mI (34) boot.esp32s3: SPI Mode       : DIO[0m
[0;32mI (38) boot.esp32s3: SPI Flash Size : 16MB[0m
[0;32mI (42) boot: Enabling RNG early entropy source...[0m
[0;32mI (47) boot: Partition Table:[0m
[0;32mI (49) boot: ## Label            Usage          Type ST Offset   Length[0m
[0;32mI (55) boot:  0 nvs              WiFi data        01 02 00009000 00006000[0m
[0;32mI (62) boot:  1 phy_init         RF data          01 01 0000f000 00001000[0m
[0;32mI (68) boot:  2 factory          factory app      00 00 00010000 00100000[0m
[0;32mI (75) boot: End of partition table[0m
[0;32mI (78) esp_image: segment 0: paddr=00010020 vaddr=3c020020 size=0b88ch ( 47244) map[0m
[0;32mI (94) esp_image: segment 1: paddr=0001b8b4 vaddr=3fc92900 size=02be0h ( 11232) load[0m
[0;32mI (97) esp_image: segment 2: paddr=0001e49c vaddr=40374000 size=01b7ch (  7036) load[0m
[0;32mI (102) esp_image: segment 3: paddr=00020020 vaddr=42000020 size=1b164h (110948) map[0m
[0;32mI (128) esp_image: segment 4: paddr=0003b18c vaddr=40375b7c size=0cc88h ( 52360) load[0m
[0;32mI (139) esp_image: segment 5: paddr=00047e1c vaddr=50000000 size=00020h (    32) load[0m
[0;32mI (146) boot: Loaded app from partition at offset 0x10000[0m
[0;32mI (146) boot: Disabling RNG early entropy source...[0m
[0;32mI (157) cpu_start: Multicore app[0m
[0;32mI (166) cpu_start: Pro cpu start user code[0m
[0;32mI (166) cpu_start: cpu freq: 160000000 Hz[0m
[0;32mI (166) app_init: Application information:[0m
[0;32mI (167) app_init: Project name:     002[0m
[0;32mI (170) app_init: App version:      1[0m
[0;32mI (173) app_init: Compile time:     Dec 18 2025 13:53:51[0m
[0;32mI (178) app_init: ELF file SHA256:  e65756f19...[0m
[0;32mI (183) app_init: ESP-IDF:          v5.5.1[0m
[0;32mI (186) efuse_init: Min chip rev:     v0.0[0m
[0;32mI (190) efuse_init: Max chip rev:     v0.99 [0m
[0;32mI (194) efuse_init: Chip rev:         v0.2[0m
[0;32mI (198) heap_init: Initializing. RAM available for dynamic allocation:[0m
[0;32mI (204) heap_init: At 3FC95E58 len 000538B8 (334 KiB): RAM[0m
[0;32mI (210) heap_init: At 3FCE9710 len 00005724 (21 KiB): RAM[0m
[0;32mI (215) heap_init: At 3FCF0000 len 00008000 (32 KiB): DRAM[0m
[0;32mI (220) heap_init: At 600FE000 len 00001FE8 (7 KiB): RTCRAM[0m
[0;32mI (226) spi_flash: detected chip: generic[0m
[0;32mI (229) spi_flash: flash io: dio[0m
[0;32mI (232) sleep_gpio: Configure to isolate all GPIO pins in sleep state[0m
[0;32mI (238) sleep_gpio: Enable automatic switching of GPIO sleep configuration[0m
[0;32mI (245) main_task: Started on CPU0[0m
[0;32mI (255) main_task: Calling app_main()[0m
[0;32mI (255) LASER_ADC: Laser PWM + ADC sample (GPIO5 PWM, GPIO44 ADC)[0m
[0;32mI (255) LASER_ADC: Laser PWM set full on @ GPIO5[0m
ESP_ERROR_CHECK failed: esp_err_t 0x105 (ESP_ERR_NOT_FOUND) at 0x42009516
file: "./main/002.c" line 53
func: adc_init_gpio44
expression: adc_oneshot_io_to_channel(ADC_GPIO, &adc_unit, &adc_chan)

abort() was called at PC 0x4037974b on core 0


Backtrace: 0x4037978d:0x3fc985d0 0x40379755:0x3fc985f0 0x403800f1:0x3fc98610 0x4037974b:0x3fc98680 0x42009516:0x3fc986b0 0x420095c3:0x3fc98700 0x4201aa3c:0x3fc98730 0x4037a191:0x3fc98760




ELF file SHA256: e65756f19

Rebooting...
ESP-ROM:esp32s3-20210327
Build:Mar 27 2021
rst:0xc (RTC_SW_CPU_RST),boot:0x8 (SPI_FAST_FLASH_BOOT)
Saved PC:0x403798dc
SPIWP:0xee
mode:DIO, clock div:1
load:0x3fce2820,len:0x158c
load:0x403c8700,len:0xd24
load:0x403cb700,len:0x2f34
entry 0x403c8924
[0;32mI (24) boot: ESP-IDF v5.5.1 2nd stage bootloader[0m
[0;32mI (24) boot: compile time Dec 18 2025 13:52:19[0m
[0;32mI (24) boot: Multicore bootloader[0m
[0;32mI (24) boot: chip revision: v0.2[0m
[0;32mI (27) boot: efuse block revision: v1.3[0m
[0;32mI (31) boot.esp32s3: Boot SPI Speed : 80MHz[0m
[0;32mI (34) boot.esp32s3: SPI Mode       : DIO[0m
[0;32mI (38) boot.esp32s3: SPI Flash Size : 16MB[0m
[0;32mI (42) boot: Enabling RNG early entropy source...[0m
[0;32mI (47) boot: Partition Table:[0m
[0;32mI (49) boot: ## Label            Usage          Type ST Offset   Length[0m
[0;32mI (55) boot:  0 nvs              WiFi data        01 02 00009000 00006000[0m
[0;32mI (62) boot:  1 phy_init         RF data          01 01 0000f000 00001000[0m
[0;32mI (68) boot:  2 factory          factory app      00 00 00010000 00100000[0m
[0;32mI (75) boot: End of partition table[0m
[0;32mI (78) esp_image: segment 0: paddr=00010020 vaddr=3c020020 size=0b88ch ( 47244) map[0m
[0;32mI (94) esp_image: segment 1: paddr=0001b8b4 vaddr=3fc92900 size=02be0h ( 11232) load[0m
[0;32mI (97) esp_image: segment 2: paddr=0001e49c vaddr=40374000 size=01b7ch (  7036) load[0m
[0;32mI (102) esp_image: segment 3: paddr=00020020 vaddr=42000020 size=1b164h (110948) map[0m
[0;32mI (128) esp_image: segment 4: paddr=0003b18c vaddr=40375b7c size=0cc88h ( 52360) load[0m
[0;32mI (139) esp_image: segment 5: paddr=00047e1c vaddr=50000000 size=00020h (    32) load[0m
[0;32mI (146) boot: Loaded app from partition at offset 0x10000[0m
[0;32mI (146) boot: Disabling RNG early entropy source...[0m
[0;32mI (157) cpu_start: Multicore app[0m
[0;32mI (166) cpu_start: Pro cpu start user code[0m
[0;32mI (166) cpu_start: cpu freq: 160000000 Hz[0m
[0;32mI (166) app_init: Application information:[0m
[0;32mI (167) app_init: Project name:     002[0m
[0;32mI (170) app_init: App version:      1[0m
[0;32mI (173) app_init: Compile time:     Dec 18 2025 13:53:51[0m
[0;32mI (178) app_init: ELF file SHA256:  e65756f19...[0m
[0;32mI (183) app_init: ESP-IDF:          v5.5.1[0m
[0;32mI (186) efuse_init: Min chip rev:     v0.0[0m
[0;32mI (190) efuse_init: Max chip rev:     v0.99 [0m
[0;32mI (194) efuse_init: Chip rev:         v0.2[0m
[0;32mI (198) heap_init: Initializing. RAM available for dynamic allocation:[0m
[0;32mI (204) heap_init: At 3FC95E58 len 000538B8 (334 KiB): RAM[0m
[0;32mI (210) heap_init: At 3FCE9710 len 00005724 (21 KiB): RAM[0m
[0;32mI (215) heap_init: At 3FCF0000 len 00008000 (32 KiB): DRAM[0m
[0;32mI (220) heap_init: At 600FE000 len 00001FE8 (7 KiB): RTCRAM[0m
[0;32mI (226) spi_flash: detected chip: generic[0m
[0;32mI (229) spi_flash: flash io: dio[0m
[0;32mI (232) sleep_gpio: Configure to isolate all GPIO pins in sleep state[0m
[0;32mI (238) sleep_gpio: Enable automatic switching of GPIO sleep configuration[0m
[0;32mI (245) main_task: Started on CPU0[0m
[0;32mI (255) main_task: Calling app_main()[0m
[0;32mI (255) LASER_ADC: Laser PWM + ADC sample (GPIO5 PWM, GPIO44 ADC)[0m
[0;32mI (255) LASER_ADC: Laser PWM set full on @ GPIO5[0m
ESP_ERROR_CHECK failed: esp_err_t 0x105 (ESP_ERR_NOT_FOUND) at 0x42009516
file: "./main/002.c" line 53
func: adc_init_gpio44
expression: adc_oneshot_io_to_channel(ADC_GPIO, &adc_unit, &adc_chan)

abort() was called at PC 0x4037974b on core 0


Backtrace: 0x4037978d:0x3fc985d0 0x40379755:0x3fc985f0 0x403800f1:0x3fc98610 0x4037974b:0x3fc98680 0x42009516:0x3fc986b0 0x420095c3:0x3fc98700 0x4201aa3c:0x3fc98730 0x4037a191:0x3fc98760




ELF file SHA256: e65756f19

Rebooting...
ESP-ROM:esp32s3-20210327
Build:Mar 27 2021
rst:0xc (RTC_SW_CPU_RST),boot:0x8 (SPI_FAST_FLASH_BOOT)
Saved PC:0x403798dc
SPIWP:0xee
mode:DIO, clock div:1
load:0x3fce2820,len:0x158c
load:0x403c8700,len:0xd24
load:0x403cb700,len:0x2f34
entry 0x403c8924
[0;32mI (24) boot: ESP-IDF v5.5.1 2nd stage bootloader[0m
[0;32mI (24) boot: compile time Dec 18 2025 13:52:19[0m
[0;32mI (24) boot: Multicore bootloader[0m
[0;32mI (24) boot: chip revision: v0.2[0m
[0;32mI (27) boot: efuse block revision: v1.3[0m
[0;32mI (31) boot.esp32s3: Boot SPI Speed : 80MHz[0m
[0;32mI (34) boot.esp32s3: SPI Mode       : DIO[0m
[0;32mI (38) boot.esp32s3: SPI Flash Size : 16MB[0m
[0;32mI (42) boot: Enabling RNG early entropy source...[0m
[0;32mI (47) boot: Partition Table:[0m
[0;32mI (49) boot: ## Label            Usage          Type ST Offset   Length[0m
[0;32mI (55) boot:  0 nvs              WiFi data        01 02 00009000 00006000[0m
[0;32mI (62) boot:  1 phy_init         RF data          01 01 0000f000 00001000[0m
[0;32mI (68) boot:  2 factory          factory app      00 00 00010000 00100000[0m
[0;32mI (75) boot: End of partition table[0m
[0;32mI (78) esp_image: segment 0: paddr=00010020 vaddr=3c020020 size=0b88ch ( 47244) map[0m
[0;32mI (94) esp_image: segment 1: paddr=0001b8b4 vaddr=3fc92900 size=02be0h ( 11232) load[0m
[0;32mI (97) esp_image: segment 2: paddr=0001e49c vaddr=40374000 size=01b7ch (  7036) load[0m
[0;32mI (102) esp_image: segment 3: paddr=00020020 vaddr=42000020 size=1b164h (110948) map[0m
[0;32mI (128) esp_image: segment 4: paddr=0003b18c vaddr=40375b7c size=0cc88h ( 52360) load[0m
[0;32mI (139) esp_image: segment 5: paddr=00047e1c vaddr=50000000 size=00020h (    32) load[0m
[0;32mI (146) boot: Loaded app from partition at offset 0x10000[0m
[0;32mI (146) boot: Disabling RNG early entropy source...[0m
[0;32mI (157) cpu_start: Multicore app[0m
[0;32mI (166) cpu_start: Pro cpu start user code[0m
[0;32mI (166) cpu_start: cpu freq: 160000000 Hz[0m
[0;32mI (166) app_init: Application information:[0m
[0;32mI (167) app_init: Project name:     002[0m
[0;32mI (170) app_init: App version:      1[0m
[0;32mI (173) app_init: Compile time:     Dec 18 2025 13:53:51[0m
[0;32mI (178) app_init: ELF file SHA256:  e65756f19...[0m
[0;32mI (183) app_init: ESP-IDF:          v5.5.1[0m
[0;32mI (186) efuse_init: Min chip rev:     v0.0[0m
[0;32mI (190) efuse_init: Max chip rev:     v0.99 [0m
[0;32mI (194) efuse_init: Chip rev:         v0.2[0m
[0;32mI (198) heap_init: Initializing. RAM available for dynamic allocation:[0m
[0;32mI (204) heap_init: At 3FC95E58 len 000538B8 (334 KiB): RAM[0m
[0;32mI (210) heap_init: At 3FCE9710 len 00005724 (21 KiB): RAM[0m
[0;32mI (215) heap_init: At 3FCF0000 len 00008000 (32 KiB): DRAM[0m
[0;32mI (220) heap_init: At 600FE000 len 00001FE8 (7 KiB): RTCRAM[0m
[0;32mI (226) spi_flash: detected chip: generic[0m
[0;32mI (229) spi_flash: flash io: dio[0m
[0;32mI (232) sleep_gpio: Configure to isolate all GPIO pins in sleep state[0m
[0;32mI (238) sleep_gpio: Enable automatic switching of GPIO sleep configuration[0m
[0;32mI (245) main_task: Started on CPU0[0m
[0;32mI (255) main_task: Calling app_main()[0m
[0;32mI (255) LASER_ADC: Laser PWM + ADC sample (GPIO5 PWM, GPIO44 ADC)[0m
[0;32mI (255) LASER_ADC: Laser PWM set full on @ GPIO5[0m
ESP_ERROR_CHECK failed: esp_err_t 0x105 (ESP_ERR_NOT_FOUND) at 0x42009516
file: "./main/002.c" line 53
func: adc_init_gpio44
expression: adc_oneshot_io_to_channel(ADC_GPIO, &adc_unit, &adc_chan)

abort() was called at PC 0x4037974b on core 0


Backtrace: 0x4037978d:0x3fc985d0 0x40379755:0x3fc985f0 0x403800f1:0x3fc98610 0x4037974b:0x3fc98680 0x42009516:0x3fc986b0 0x420095c3:0x3fc98700 0x4201aa3c:0x3fc98730 0x4037a191:0x3fc98760




ELF file SHA256: e65756f19

Rebooting...
ESP-ROM:esp32s3-20210327
Build:Mar 27 2021
rst:0xc (RTC_SW_CPU_RST),boot:0x8 (SPI_FAST_FLASH_BOOT)
Saved PC:0x403798dc
SPIWP:0xee
mode:DIO, clock div:1
load:0x3fce2820,len:0x158c
load:0x403c8700,len:0xd24
load:0x403cb700,len:0x2f34
entry 0x403c8924
[0;32mI (24) boot: ESP-IDF v5.5.1 2nd stage bootloader[0m
[0;32mI (24) boot: compile time Dec 18 2025 13:52:19[0m
[0;32mI (24) boot: Multicore bootloader[0m
[0;32mI (24) boot: chip revision: v0.2[0m
[0;32mI (27) boot: efuse block revision: v1.3[0m
[0;32mI (31) boot.esp32s3: Boot SPI Speed : 80MHz[0m
[0;32mI (34) boot.esp32s3: SPI Mode       : DIO[0m
[0;32mI (38) boot.esp32s3: SPI Flash Size : 16MB[0m
[0;32mI (42) boot: Enabling RNG early entropy source...[0m
[0;32mI (47) boot: Partition Table:[0m
[0;32mI (49) boot: ## Label            Usage          Type ST Offset   Length[0m
[0;32mI (55) boot:  0 nvs              WiFi data        01 02 00009000 00006000[0m
[0;32mI (62) boot:  1 phy_init         RF data          01 01 0000f000 00001000[0m
[0;32mI (68) boot:  2 factory          factory app      00 00 00010000 00100000[0m
[0;32mI (75) boot: End of partition table[0m
[0;32mI (78) esp_image: segment 0: paddr=00010020 vaddr=3c020020 size=0b88ch ( 47244) map[0m
[0;32mI (94) esp_image: segment 1: paddr=0001b8b4 vaddr=3fc92900 size=02be0h ( 11232) load[0m
[0;32mI (97) esp_image: segment 2: paddr=0001e49c vaddr=40374000 size=01b7ch (  7036) load[0m
[0;32mI (102) esp_image: segment 3: paddr=00020020 vaddr=42000020 size=1b164h (110948) map[0m
[0;32mI (128) esp_image: segment 4: paddr=0003b18c vaddr=40375b7c size=0cc88h ( 52360) load[0m
[0;32mI (139) esp_image: segment 5: paddr=00047e1c vaddr=50000000 size=00020h (    32) load[0m
[0;32mI (146) boot: Loaded app from partition at offset 0x10000[0m
[0;32mI (146) boot: Disabling RNG early entropy source...[0m
[0;32mI (157) cpu_start: Multicore app[0m
[0;32mI (166) cpu_start: Pro cpu start user code[0m
[0;32mI (166) cpu_start: cpu freq: 160000000 Hz[0m
[0;32mI (166) app_init: Application information:[0m
[0;32mI (167) app_init: Project name:     002[0m
[0;32mI (170) app_init: App version:      1[0m
[0;32mI (173) app_init: Compile time:     Dec 18 2025 13:53:51[0m
[0;32mI (178) app_init: ELF file SHA256:  e65756f19...[0m
[0;32mI (183) app_init: ESP-IDF:          v5.5.1[0m
[0;32mI (186) efuse_init: Min chip rev:     v0.0[0m
[0;32mI (190) efuse_init: Max chip rev:     v0.99 [0m
[0;32mI (194) efuse_init: Chip rev:         v0.2[0m
[0;32mI (198) heap_init: Initializing. RAM available for dynamic allocation:[0m
[0;32mI (204) heap_init: At 3FC95E58 len 000538B8 (334 KiB): RAM[0m
[0;32mI (210) heap_init: At 3FCE9710 len 00005724 (21 KiB): RAM[0m
[0;32mI (215) heap_init: At 3FCF0000 len 00008000 (32 KiB): DRAM[0m
[0;32mI (220) heap_init: At 600FE000 len 00001FE8 (7 KiB): RTCRAM[0m
[0;32mI (226) spi_flash: detected chip: generic[0m
[0;32mI (229) spi_flash: flash io: dio[0m
[0;32mI (232) sleep_gpio: Configure to isolate all GPIO pins in sleep state[0m
[0;32mI (238) sleep_gpio: Enable automatic switching of GPIO sleep configuration[0m
[0;32mI (245) main_task: Started on CPU0[0m
[0;32mI (255) main_task: Calling app_main()[0m
[0;32mI (255) LASER_ADC: Laser PWM + ADC sample (GPIO5 PWM, GPIO44 ADC)[0m
[0;32mI (255) LASER_ADC: Laser PWM set full on @ GPIO5[0m
ESP_ERROR_CHECK failed: esp_err_t 0x105 (ESP_ERR_NOT_FOUND) at 0x42009516
file: "./main/002.c" line 53
func: adc_init_gpio44
expression: adc_oneshot_io_to_channel(ADC_GPIO, &adc_unit, &adc_chan)

abort() was called at PC 0x4037974b on core 0


Backtrace: 0x4037978d:0x3fc985d0 0x40379755:0x3fc985f0 0x403800f1:0x3fc98610 0x4037974b:0x3fc98680 0x42009516:0x3fc986b0 0x420095c3:0x3fc98700 0x4201aa3c:0x3fc98730 0x4037a191:0x3fc98760




ELF file SHA256: e65756f19

Rebooting...
ESP-ROM:esp32s3-20210327
Build:Mar 27 2021
rst:0xc (RTC_SW_CPU_RST),boot:0x8 (SPI_FAST_FLASH_BOOT)
Saved PC:0x403798dc
SPIWP:0xee
mode:DIO, clock div:1
load:0x3fce2820,len:0x158c
load:0x403c8700,len:0xd24
load:0x403cb700,len:0x2f34
entry 0x403c8924
[0;32mI (24) boot: ESP-IDF v5.5.1 2nd stage bootloader[0m
[0;32mI (24) boot: compile time Dec 18 2025 13:52:19[0m
[0;32mI (24) boot: Multicore bootloader[0m
[0;32mI (24) boot: chip revision: v0.2[0m
[0;32mI (27) boot: efuse block revision: v1.3[0m
[0;32mI (31) boot.esp32s3: Boot SPI Speed : 80MHz[0m
[0;32mI (34) boot.esp32s3: SPI Mode       : DIO[0m
[0;32mI (38) boot.esp32s3: SPI Flash Size : 16MB[0m
[0;32mI (42) boot: Enabling RNG early entropy source...[0m
[0;32mI (47) boot: Partition Table:[0m
[0;32mI (49) boot: ## Label            Usage          Type ST Offset   Length[0m
[0;32mI (55) boot:  0 nvs              WiFi data        01 02 00009000 00006000[0m
[0;32mI (62) boot:  1 phy_init         RF data          01 01 0000f000 00001000[0m
[0;32mI (68) boot:  2 factory          factory app      00 00 00010000 00100000[0m
[0;32mI (75) boot: End of partition table[0m
[0;32mI (78) esp_image: segment 0: paddr=00010020 vaddr=3c020020 size=0b88ch ( 47244) map[0m
[0;32mI (94) esp_image: segment 1: paddr=0001b8b4 vaddr=3fc92900 size=02be0h ( 11232) load[0m
[0;32mI (97) esp_image: segment 2: paddr=0001e49c vaddr=40374000 size=01b7ch (  7036) load[0m
[0;32mI (102) esp_image: segment 3: paddr=00020020 vaddr=42000020 size=1b164h (110948) map[0m
[0;32mI (128) esp_image: segment 4: paddr=0003b18c vaddr=40375b7c size=0cc88h ( 52360) load[0m
[0;32mI (139) esp_image: segment 5: paddr=00047e1c vaddr=50000000 size=00020h (    32) load[0m
[0;32mI (146) boot: Loaded app from partition at offset 0x10000[0m
[0;32mI (146) boot: Disabling RNG early entropy source...[0m
[0;32mI (157) cpu_start: Multicore app[0m
[0;32mI (166) cpu_start: Pro cpu start user code[0m
[0;32mI (166) cpu_start: cpu freq: 160000000 Hz[0m
[0;32mI (166) app_init: Application information:[0m
[0;32mI (167) app_init: Project name:     002[0m
[0;32mI (170) app_init: App version:      1[0m
[0;32mI (173) app_init: Compile time:     Dec 18 2025 13:53:51[0m
[0;32mI (178) app_init: ELF file SHA256:  e65756f19...[0m
[0;32mI (183) app_init: ESP-IDF:          v5.5.1[0m
[0;32mI (186) efuse_init: Min chip rev:     v0.0[0m
[0;32mI (190) efuse_init: Max chip rev:     v0.99 [0m
[0;32mI (194) efuse_init: Chip rev:         v0.2[0m
[0;32mI (198) heap_init: Initializing. RAM available for dynamic allocation:[0m
[0;32mI (204) heap_init: At 3FC95E58 len 000538B8 (334 KiB): RAM[0m
[0;32mI (210) heap_init: At 3FCE9710 len 00005724 (21 KiB): RAM[0m
[0;32mI (215) heap_init: At 3FCF0000 len 00008000 (32 KiB): DRAM[0m
[0;32mI (220) heap_init: At 600FE000 len 00001FE8 (7 KiB): RTCRAM[0m
[0;32mI (226) spi_flash: detected chip: generic[0m
[0;32mI (229) spi_flash: flash io: dio[0m
[0;32mI (232) sleep_gpio: Configure to isolate all GPIO pins in sleep state[0m
[0;32mI (238) sleep_gpio: Enable automatic switching of GPIO sleep configuration[0m
[0;32mI (245) main_task: Started on CPU0[0m
[0;32mI (255) main_task: Calling app_main()[0m
[0;32mI (255) LASER_ADC: Laser PWM + ADC sample (GPIO5 PWM, GPIO44 ADC)[0m
[0;32mI (255) LASER_ADC: Laser PWM set full on @ GPIO5[0m
ESP_ERROR_CHECK failed: esp_err_t 0x105 (ESP_ERR_NOT_FOUND) at 0x42009516
file: "./main/002.c" line 53
func: adc_init_gpio44
expression: adc_oneshot_io_to_channel(ADC_GPIO, &adc_unit, &adc_chan)

abort() was called at PC 0x4037974b on core 0


Backtrace: 0x4037978d:0x3fc985d0 0x40379755:0x3fc985f0 0x403800f1:0x3fc98610 0x4037974b:0x3fc98680 0x42009516:0x3fc986b0 0x420095c3:0x3fc98700 0x4201aa3c:0x3fc98730 0x4037a191:0x3fc98760




ELF file SHA256: e65756f19

Rebooting...
ESP-ROM:esp32s3-20210327
Build:Mar 27 2021
rst:0xc (RTC_SW_CPU_RST),boot:0x8 (SPI_FAST_FLASH_BOOT)
Saved PC:0x403798dc
SPIWP:0xee
mode:DIO, clock div:1
load:0x3fce2820,len:0x158c
load:0x403c8700,len:0xd24
load:0x403cb700,len:0x2f34
entry 0x403c8924
[0;32mI (24) boot: ESP-IDF v5.5.1 2nd stage bootloader[0m
[0;32mI (24) boot: compile time Dec 18 2025 13:52:19[0m
[0;32mI (24) boot: Multicore bootloader[0m
[0;32mI (24) boot: chip revision: v0.2[0m
[0;32mI (27) boot: efuse block revision: v1.3[0m
[0;32mI (31) boot.esp32s3: Boot SPI Speed : 80MHz[0m
[0;32mI (34) boot.esp32s3: SPI Mode       : DIO[0m
[0;32mI (38) boot.esp32s3: SPI Flash Size : 16MB[0m
[0;32mI (42) boot: Enabling RNG early entropy source...[0m
[0;32mI (47) boot: Partition Table:[0m
[0;32mI (49) boot: ## Label            Usage          Type ST Offset   Length[0m
[0;32mI (55) boot:  0 nvs              WiFi data        01 02 00009000 00006000[0m
[0;32mI (62) boot:  1 phy_init         RF data          01 01 0000f000 00001000[0m
[0;32mI (68) boot:  2 factory          factory app      00 00 00010000 00100000[0m
[0;32mI (75) boot: End of partition table[0m
[0;32mI (78) esp_image: segment 0: paddr=00010020 vaddr=3c020020 size=0b88ch ( 47244) map[0m
[0;32mI (94) esp_image: segment 1: paddr=0001b8b4 vaddr=3fc92900 size=02be0h ( 11232) load[0m
[0;32mI (97) esp_image: segment 2: paddr=0001e49c vaddr=40374000 size=01b7ch (  7036) load[0m
[0;32mI (102) esp_image: segment 3: paddr=00020020 vaddr=42000020 size=1b164h (110948) map[0m
[0;32mI (128) esp_image: segment 4: paddr=0003b18c vaddr=40375b7c size=0cc88h ( 52360) load[0m
[0;32mI (139) esp_image: segment 5: paddr=00047e1c vaddr=50000000 size=00020h (    32) load[0m
[0;32mI (146) boot: Loaded app from partition at offset 0x10000[0m
[0;32mI (146) boot: Disabling RNG early entropy source...[0m
[0;32mI (157) cpu_start: Multicore app[0m
[0;32mI (166) cpu_start: Pro cpu start user code[0m
[0;32mI (166) cpu_start: cpu freq: 160000000 Hz[0m
[0;32mI (166) app_init: Application information:[0m
[0;32mI (167) app_init: Project name:     002[0m
[0;32mI (170) app_init: App version:      1[0m
[0;32mI (173) app_init: Compile time:     Dec 18 2025 13:53:51[0m
[0;32mI (178) app_init: ELF file SHA256:  e65756f19...[0m
[0;32mI (183) app_init: ESP-IDF:          v5.5.1[0m
[0;32mI (186) efuse_init: Min chip rev:     v0.0[0m
[0;32mI (190) efuse_init: Max chip rev:     v0.99 [0m
[0;32mI (194) efuse_init: Chip rev:         v0.2[0m
[0;32mI (198) heap_init: Initializing. RAM available for dynamic allocation:[0m
[0;32mI (204) heap_init: At 3FC95E58 len 000538B8 (334 KiB): RAM[0m
[0;32mI (210) heap_init: At 3FCE9710 len 00005724 (21 KiB): RAM[0m
[0;32mI (215) heap_init: At 3FCF0000 len 00008000 (32 KiB): DRAM[0m
[0;32mI (220) heap_init: At 600FE000 len 00001FE8 (7 KiB): RTCRAM[0m
[0;32mI (226) spi_flash: detected chip: generic[0m
[0;32mI (229) spi_flash: flash io: dio[0m
[0;32mI (232) sleep_gpio: Configure to isolate all GPIO pins in sleep state[0m
[0;32mI (238) sleep_gpio: Enable automatic switching of GPIO sleep configuration[0m
[0;32mI (245) main_task: Started on CPU0[0m
[0;32mI (255) main_task: Calling app_main()[0m
[0;32mI (255) LASER_ADC: Laser PWM + ADC sample (GPIO5 PWM, GPIO44 ADC)[0m
[0;32mI (255) LASER_ADC: Laser PWM set full on @ GPIO5[0m
ESP_ERROR_CHECK failed: esp_err_t 0x105 (ESP_ERR_NOT_FOUND) at 0x42009516
file: "./main/002.c" line 53
func: adc_init_gpio44
expression: adc_oneshot_io_to_channel(ADC_GPIO, &adc_unit, &adc_chan)

abort() was called at PC 0x4037974b on core 0


Backtrace: 0x4037978d:0x3fc985d0 0x40379755:0x3fc985f0 0x403800f1:0x3fc98610 0x4037974b:0x3fc98680 0x42009516:0x3fc986b0 0x420095c3:0x3fc98700 0x4201aa3c:0x3fc98730 0x4037a191:0x3fc98760




ELF file SHA256: e65756f19

Rebooting...
ESP-ROM:esp32s3-20210327
Build:Mar 27 2021
rst:0xc (RTC_SW_CPU_RST),boot:0x8 (SPI_FAST_FLASH_BOOT)
Saved PC:0x403798dc
SPIWP:0xee
mode:DIO, clock div:1
load:0x3fce2820,len:0x158c
load:0x403c8700,len:0xd24
load:0x403cb700,len:0x2f34
entry 0x403c8924
[0;32mI (24) boot: ESP-IDF v5.5.1 2nd stage bootloader[0m
[0;32mI (24) boot: compile time Dec 18 2025 13:52:19[0m
[0;32mI (24) boot: Multicore bootloader[0m
[0;32mI (24) boot: chip revision: v0.2[0m
[0;32mI (27) boot: efuse block revision: v1.3[0m
[0;32mI (31) boot.esp32s3: Boot SPI Speed : 80MHz[0m
[0;32mI (34) boot.esp32s3: SPI Mode       : DIO[0m
[0;32mI (38) boot.esp32s3: SPI Flash Size : 16MB[0m
[0;32mI (42) boot: Enabling RNG early entropy source...[0m
[0;32mI (47) boot: Partition Table:[0m
[0;32mI (49) boot: ## Label            Usage          Type ST Offset   Length[0m
[0;32mI (55) boot:  0 nvs              WiFi data        01 02 00009000 00006000[0m
[0;32mI (62) boot:  1 phy_init         RF data          01 01 0000f000 00001000[0m
[0;32mI (68) boot:  2 factory          factory app      00 00 00010000 00100000[0m
[0;32mI (75) boot: End of partition table[0m
[0;32mI (78) esp_image: segment 0: paddr=00010020 vaddr=3c020020 size=0b88ch ( 47244) map[0m
[0;32mI (94) esp_image: segment 1: paddr=0001b8b4 vaddr=3fc92900 size=02be0h ( 11232) load[0m
[0;32mI (97) esp_image: segment 2: paddr=0001e49c vaddr=40374000 size=01b7ch (  7036) load[0m
[0;32mI (102) esp_image: segment 3: paddr=00020020 vaddr=42000020 size=1b164h (110948) map[0m
[0;32mI (128) esp_image: segment 4: paddr=0003b18c vaddr=40375b7c size=0cc88h ( 52360) load[0m
[0;32mI (139) esp_image: segment 5: paddr=00047e1c vaddr=50000000 size=00020h (    32) load[0m
[0;32mI (146) boot: Loaded app from partition at offset 0x10000[0m
[0;32mI (146) boot: Disabling RNG early entropy source...[0m
[0;32mI (157) cpu_start: Multicore app[0m
[0;32mI (166) cpu_start: Pro cpu start user code[0m
[0;32mI (166) cpu_start: cpu freq: 160000000 Hz[0m
[0;32mI (166) app_init: Application information:[0m
[0;32mI (167) app_init: Project name:     002[0m
[0;32mI (170) app_init: App version:      1[0m
[0;32mI (173) app_init: Compile time:     Dec 18 2025 13:53:51[0m
[0;32mI (178) app_init: ELF file SHA256:  e65756f19...[0m
[0;32mI (183) app_init: ESP-IDF:          v5.5.1[0m
[0;32mI (186) efuse_init: Min chip rev:     v0.0[0m
[0;32mI (190) efuse_init: Max chip rev:     v0.99 [0m
[0;32mI (194) efuse_init: Chip rev:         v0.2[0m
[0;32mI (198) heap_init: Initializing. RAM available for dynamic allocation:[0m
[0;32mI (204) heap_init: At 3FC95E58 len 000538B8 (334 KiB): RAM[0m
[0;32mI (210) heap_init: At 3FCE9710 len 00005724 (21 KiB): RAM[0m
[0;32mI (215) heap_init: At 3FCF0000 len 00008000 (32 KiB): DRAM[0m
[0;32mI (220) heap_init: At 600FE000 len 00001FE8 (7 KiB): RTCRAM[0m
[0;32mI (226) spi_flash: detected chip: generic[0m
[0;32mI (229) spi_flash: flash io: dio[0m
[0;32mI (232) sleep_gpio: Configure to isolate all GPIO pins in sleep state[0m
[0;32mI (238) sleep_gpio: Enable automatic switching of GPIO sleep configuration[0m
[0;32mI (245) main_task: Started on CPU0[0m
[0;32mI (255) main_task: Calling app_main()[0m
[0;32mI (255) LASER_ADC: Laser PWM + ADC sample (GPIO5 PWM, GPIO44 ADC)[0m
[0;32mI (255) LASER_ADC: Laser PWM set full on @ GPIO5[0m
ESP_ERROR_CHECK failed: esp_err_t 0x105 (ESP_ERR_NOT_FOUND) at 0x42009516
file: "./main/002.c" line 53
func: adc_init_gpio44
expression: adc_oneshot_io_to_channel(ADC_GPIO, &adc_unit, &adc_chan)

abort() was called at PC 0x4037974b on core 0


Backtrace: 0x4037978d:0x3fc985d0 0x40379755:0x3fc985f0 0x403800f1:0x3fc98610 0x4037974b:0x3fc98680 0x42009516:0x3fc986b0 0x420095c3:0x3fc98700 0x4201aa3c:0x3fc98730 0x4037a191:0x3fc98760




ELF file SHA256: e65756f19

Rebooting...
ESP-ROM:esp32s3-20210327
Build:Mar 27 2021
rst:0xc (RTC_SW_CPU_RST),boot:0x8 (SPI_FAST_FLASH_BOOT)
Saved PC:0x403798dc
SPIWP:0xee
mode:DIO, clock div:1
load:0x3fce2820,len:0x158c
load:0x403c8700,len:0xd24
load:0x403cb700,len:0x2f34
entry 0x403c8924
[0;32mI (24) boot: ESP-IDF v5.5.1 2nd stage bootloader[0m
[0;32mI (24) boot: compile time Dec 18 2025 13:52:19[0m
[0;32mI (24) boot: Multicore bootloader[0m
[0;32mI (24) boot: chip revision: v0.2[0m
[0;32mI (27) boot: efuse block revision: v1.3[0m
[0;32mI (31) boot.esp32s3: Boot SPI Speed : 80MHz[0m
[0;32mI (34) boot.esp32s3: SPI Mode       : DIO[0m
[0;32mI (38) boot.esp32s3: SPI Flash Size : 16MB[0m
[0;32mI (42) boot: Enabling RNG early entropy source...[0m
[0;32mI (47) boot: Partition Table:[0m
[0;32mI (49) boot: ## Label            Usage          Type ST Offset   Length[0m
[0;32mI (55) boot:  0 nvs              WiFi data        01 02 00009000 00006000[0m
[0;32mI (62) boot:  1 phy_init         RF data          01 01 0000f000 00001000[0m
[0;32mI (68) boot:  2 factory          factory app      00 00 00010000 00100000[0m
[0;32mI (75) boot: End of partition table[0m
[0;32mI (78) esp_image: segment 0: paddr=00010020 vaddr=3c020020 size=0b88ch ( 47244) map[0m
[0;32mI (94) esp_image: segment 1: paddr=0001b8b4 vaddr=3fc92900 size=02be0h ( 11232) load[0m
[0;32mI (97) esp_image: segment 2: paddr=0001e49c vaddr=40374000 size=01b7ch (  7036) load[0m
[0;32mI (102) esp_image: segment 3: paddr=00020020 vaddr=42000020 size=1b164h (110948) map[0m
[0;32mI (128) esp_image: segment 4: paddr=0003b18c vaddr=40375b7c size=0cc88h ( 52360) load[0m
[0;32mI (139) esp_image: segment 5: paddr=00047e1c vaddr=50000000 size=00020h (    32) load[0m
[0;32mI (146) boot: Loaded app from partition at offset 0x10000[0m
[0;32mI (146) boot: Disabling RNG early entropy source...[0m
[0;32mI (157) cpu_start: Multicore app[0m
[0;32mI (166) cpu_start: Pro cpu start user code[0m
[0;32mI (166) cpu_start: cpu freq: 160000000 Hz[0m
[0;32mI (166) app_init: Application information:[0m
[0;32mI (167) app_init: Project name:     002[0m
[0;32mI (170) app_init: App version:      1[0m
[0;32mI (173) app_init: Compile time:     Dec 18 2025 13:53:51[0m
[0;32mI (178) app_init: ELF file SHA256:  e65756f19...[0m
[0;32mI (183) app_init: ESP-IDF:          v5.5.1[0m
[0;32mI (186) efuse_init: Min chip rev:     v0.0[0m
[0;32mI (190) efuse_init: Max chip rev:     v0.99 [0m
[0;32mI (194) efuse_init: Chip rev:         v0.2[0m
[0;32mI (198) heap_init: Initializing. RAM available for dynamic allocation:[0m
[0;32mI (204) heap_init: At 3FC95E58 len 000538B8 (334 KiB): RAM[0m
[0;32mI (210) heap_init: At 3FCE9710 len 00005724 (21 KiB): RAM[0m
[0;32mI (215) heap_init: At 3FCF0000 len 00008000 (32 KiB): DRAM[0m
[0;32mI (220) heap_init: At 600FE000 len 00001FE8 (7 KiB): RTCRAM[0m
[0;32mI (226) spi_flash: detected chip: generic[0m
[0;32mI (229) spi_flash: flash io: dio[0m
[0;32mI (232) sleep_gpio: Configure to isolate all GPIO pins in sleep state[0m
[0;32mI (238) sleep_gpio: Enable automatic switching of GPIO sleep configuration[0m
[0;32mI (245) main_task: Started on CPU0[0m
[0;32mI (255) main_task: Calling app_main()[0m
[0;32mI (255) LASER_ADC: Laser PWM + ADC sample (GPIO5 PWM, GPIO44 ADC)[0m
[0;32mI (255) LASER_ADC: Laser PWM set full on @ GPIO5[0m
ESP_ERROR_CHECK failed: esp_err_t 0x105 (ESP_ERR_NOT_FOUND) at 0x42009516
file: "./main/002.c" line 53
func: adc_init_gpio44
expression: adc_oneshot_io_to_channel(ADC_GPIO, &adc_unit, &adc_chan)

abort() was called at PC 0x4037974b on core 0


Backtrace: 0x4037978d:0x3fc985d0 0x40379755:0x3fc985f0 0x403800f1:0x3fc98610 0x4037974b:0x3fc98680 0x42009516:0x3fc986b0 0x420095c3:0x3fc98700 0x4201aa3c:0x3fc98730 0x4037a191:0x3fc98760




ELF file SHA256: e65756f19

Rebooting...
ESP-ROM:esp32s3-20210327
Build:Mar 27 2021
rst:0xc (RTC_SW_CPU_RST),boot:0x8 (SPI_FAST_FLASH_BOOT)
Saved PC:0x403798dc
SPIWP:0xee
mode:DIO, clock div:1
load:0x3fce2820,len:0x158c
load:0x403c8700,len:0xd24
load:0x403cb700,len:0x2f34
entry 0x403c8924
[0;32mI (24) boot: ESP-IDF v5.5.1 2nd stage bootloader[0m
[0;32mI (24) boot: compile time Dec 18 2025 13:52:19[0m
[0;32mI (24) boot: Multicore bootloader[0m
[0;32mI (24) boot: chip revision: v0.2[0m
[0;32mI (27) boot: efuse block revision: v1.3[0m
[0;32mI (31) boot.esp32s3: Boot SPI Speed : 80MHz[0m
[0;32mI (34) boot.esp32s3: SPI Mode       : DIO[0m
[0;32mI (38) boot.esp32s3: SPI Flash Size : 16MB[0m
[0;32mI (42) boot: Enabling RNG early entropy source...[0m
[0;32mI (47) boot: Partition Table:[0m
[0;32mI (49) boot: ## Label            Usage          Type ST Offset   Length[0m
[0;32mI (55) boot:  0 nvs              WiFi data        01 02 00009000 00006000[0m
[0;32mI (62) boot:  1 phy_init         RF data          01 01 0000f000 00001000[0m
[0;32mI (68) boot:  2 factory          factory app      00 00 00010000 00100000[0m
[0;32mI (75) boot: End of partition table[0m
[0;32mI (78) esp_image: segment 0: paddr=00010020 vaddr=3c020020 size=0b88ch ( 47244) map[0m
[0;32mI (94) esp_image: segment 1: paddr=0001b8b4 vaddr=3fc92900 size=02be0h ( 11232) load[0m
[0;32mI (97) esp_image: segment 2: paddr=0001e49c vaddr=40374000 size=01b7ch (  7036) load[0m
[0;32mI (102) esp_image: segment 3: paddr=00020020 vaddr=42000020 size=1b164h (110948) map[0m
[0;32mI (128) esp_image: segment 4: paddr=0003b18c vaddr=40375b7c size=0cc88h ( 52360) load[0m
[0;32mI (139) esp_image: segment 5: paddr=00047e1c vaddr=50000000 size=00020h (    32) load[0m
[0;32mI (146) boot: Loaded app from partition at offset 0x10000[0m
[0;32mI (146) boot: Disabling RNG early entropy source...[0m
[0;32mI (157) cpu_start: Multicore app[0m
[0;32mI (166) cpu_start: Pro cpu start user code[0m
[0;32mI (166) cpu_start: cpu freq: 160000000 Hz[0m
[0;32mI (167) app_init: Application information:[0m
[0;32mI (167) app_init: Project name:     002[0m
[0;32mI (170) app_init: App version:      1[0m
[0;32mI (173) app_init: Compile time:     Dec 18 2025 13:53:51[0m
[0;32mI (178) app_init: ELF file SHA256:  e65756f19...[0m
[0;32mI (183) app_init: ESP-IDF:          v5.5.1[0m
[0;32mI (187) efuse_init: Min chip rev:     v0.0[0m
[0;32mI (190) efuse_init: Max chip rev:     v0.99 [0m
[0;32mI (194) efuse_init: Chip rev:         v0.2[0m
[0;32mI (198) heap_init: Initializing. RAM available for dynamic allocation:[0m
[0;32mI (205) heap_init: At 3FC95E58 len 000538B8 (334 KiB): RAM[0m
[0;32mI (210) heap_init: At 3FCE9710 len 00005724 (21 KiB): RAM[0m
[0;32mI (215) heap_init: At 3FCF0000 len 00008000 (32 KiB): DRAM[0m
[0;32mI (220) heap_init: At 600FE000 len 00001FE8 (7 KiB): RTCRAM[0m
[0;32mI (226) spi_flash: detected chip: generic[0m
[0;32mI (229) spi_flash: flash io: dio[0m
[0;32mI (232) sleep_gpio: Configure to isolate all GPIO pins in sleep state[0m
[0;32mI (238) sleep_gpio: Enable automatic switching of GPIO sleep configuration[0m
[0;32mI (245) main_task: Started on CPU0[0m
[0;32mI (255) main_task: Calling app_main()[0m
[0;32mI (255) LASER_ADC: Laser PWM + ADC sample (GPIO5 PWM, GPIO44 ADC)[0m
[0;32mI (255) LASER_ADC: Laser PWM set full on @ GPIO5[0m
ESP_ERROR_CHECK failed: esp_err_t 0x105 (ESP_ERR_NOT_FOUND) at 0x42009516
file: "./main/002.c" line 53
func: adc_init_gpio44
expression: adc_oneshot_io_to_channel(ADC_GPIO, &adc_unit, &adc_chan)

abort() was called at PC 0x4037974b on core 0


Backtrace: 0x4037978d:0x3fc985d0 0x40379755:0x3fc985f0 0x403800f1:0x3fc98610 0x4037974b:0x3fc98680 0x42009516:0x3fc986b0 0x420095c3:0x3fc98700 0x4201aa3c:0x3fc98730 0x4037a191:0x3fc98760




ELF file SHA256: e65756f19

Rebooting...
ESP-ROM:esp32s3-20210327
Build:Mar 27 2021
rst:0xc (RTC_SW_CPU_RST),boot:0x8 (SPI_FAST_FLASH_BOOT)
Saved PC:0x403798dc
SPIWP:0xee
mode:DIO, clock div:1
load:0x3fce2820,len:0x158c
load:0x403c8700,len:0xd24
load:0x403cb700,len:0x2f34
entry 0x403c8924
[0;32mI (24) boot: ESP-IDF v5.5.1 2nd stage bootloader[0m
[0;32mI (24) boot: compile time Dec 18 2025 13:52:19[0m
[0;32mI (24) boot: Multicore bootloader[0m
[0;32mI (25) boot: chip revision: v0.2[0m
[0;32mI (27) boot: efuse block revision: v1.3[0m
[0;32mI (31) boot.esp32s3: Boot SPI Speed : 80MHz[0m
[0;32mI (34) boot.esp32s3: SPI Mode       : DIO[0m
[0;32mI (38) boot.esp32s3: SPI Flash Size : 16MB[0m
[0;32mI (42) boot: Enabling RNG early entropy source...[0m
[0;32mI (47) boot: Partition Table:[0m
[0;32mI (61) boot:  0 nvs              WiFi data        01 02 00009000 00006000[0m
[0;32mI (67) boot:  1 phy_init         RF data          01 01 0000f000 00001000[0m
[0;32mI (74) boot:  2 factory          factory app      00 00 00010000 00100000[0m
[0;32mI (80) boot: End of partition table[0m
[0;32mI (83) esp_image: segment 0: paddr=00010020 vaddr=3c020020 size=0b88ch ( 47244) map[0m
[0;32mI (99) esp_image: segment 1: paddr=0001b8b4 vaddr=3fc92900 size=02be0h ( 11232) load[0m
[0;32mI (102) esp_image: segment 2: paddr=0001e49c vaddr=40374000 size=01b7ch (  7036) load[0m
[0;32mI (107) esp_image: segment 3: paddr=00020020 vaddr=42000020 size=1b164h (110948) map[0m
[0;32mI (133) esp_image: segment 4: paddr=0003b18c vaddr=40375b7c size=0cc88h ( 52360) load[0m
[0;32mI (145) esp_image: segment 5: paddr=00047e1c vaddr=50000000 size=00020h (    32) load[0m
[0;32mI (151) boot: Loaded app from partition at offset 0x10000[0m
[0;32mI (151) boot: Disabling RNG early entropy source...[0m
[0;32mI (162) cpu_start: Multicore app[0m
[0;32mI (171) cpu_start: Pro cpu start user code[0m
[0;32mI (171) cpu_start: cpu freq: 160000000 Hz[0m
[0;32mI (172) app_init: Application information:[0m
[0;32mI (172) app_init: Project name:     002[0m
[0;32mI (175) app_init: App version:      1[0m
[0;32mI (178) app_init: Compile time:     Dec 18 2025 13:53:51[0m
[0;32mI (183) app_init: ELF file SHA256:  e65756f19...[0m
[0;32mI (188) app_init: ESP-IDF:          v5.5.1[0m
[0;32mI (192) efuse_init: Min chip rev:     v0.0[0m
[0;32mI (195) efuse_init: Max chip rev:     v0.99 [0m
[0;32mI (199) efuse_init: Chip rev:         v0.2[0m
[0;32mI (203) heap_init: Initializing. RAM available for dynamic allocation:[0m
[0;32mI (210) heap_init: At 3FC95E58 len 000538B8 (334 KiB): RAM[0m
[0;32mI (215) heap_init: At 3FCE9710 len 00005724 (21 KiB): RAM[0m
[0;32mI (220) heap_init: At 3FCF0000 len 00008000 (32 KiB): DRAM[0m
[0;32mI (225) heap_init: At 600FE000 len 00001FE8 (7 KiB): RTCRAM[0m
[0;32mI (231) spi_flash: detected chip: generic[0m
[0;32mI (234) spi_flash: flash io: dio[0m
[0;32mI (237) sleep_gpio: Configure to isolate all GPIO pins in sleep state[0m
[0;32mI (244) sleep_gpio: Enable automatic switching of GPIO sleep configuration[0m
[0;32mI (250) main_task: Started on CPU0[0m
[0;32mI (260) main_task: Calling app_main()[0m
[0;32mI (260) LASER_ADC: Laser PWM + ADC sample (GPIO5 PWM, GPIO44 ADC)[0m
[0;32mI (260) LASER_ADC: Laser PWM set full on @ GPIO5[0m
ESP_ERROR_CHECK failed: esp_err_t 0x105 (ESP_ERR_NOT_FOUND) at 0x42009516
file: "./main/002.c" line 53
func: adc_init_gpio44
expression: adc_oneshot_io_to_channel(ADC_GPIO, &adc_unit, &adc_chan)

abort() was called at PC 0x4037974b on core 0


Backtrace: 0x4037978d:0x3fc985d0 0x40379755:0x3fc985f0 0x403800f1:0x3fc98610 0x4037974b:0x3fc98680 0x42009516:0x3fc986b0 0x420095c3:0x3fc98700 0x4201aa3c:0x3fc98730 0x4037a191:0x3fc98760




ELF file SHA256: e65756f19

Rebooting...
ESP-ROM:esp32s3-20210327
Build:Mar 27 2021
rst:0xc (RTC_SW_CPU_RST),boot:0x8 (SPI_FAST_FLASH_BOOT)
Saved PC:0x403798dc
SPIWP:0xee
mode:DIO, clock div:1
load:0x3fce2820,len:0x158c
load:0x403c8700,len:0xd24
load:0x403cb700,len:0x2f34
entry 0x403c8924
[0;32mI (24) boot: ESP-IDF v5.5.1 2nd stage bootloader[0m
[0;32mI (24) boot: compile time Dec 18 2025 13:52:19[0m
[0;32mI (24) boot: Multicore bootloader[0m
[0;32mI (24) boot: chip revision: v0.2[0m
[0;32mI (27) boot: efuse block revision: v1.3[0m
[0;32mI (31) boot.esp32s3: Boot SPI Speed : 80MHz[0m
[0;32mI (34) boot.esp32s3: SPI Mode       : DIO[0m
[0;32mI (38) boot.esp32s3: SPI Flash Size : 16MB[0m
[0;32mI (42) boot: Enabling RNG early entropy source...[0m
[0;32mI (47) boot: Partition Table:[0m
[0;32mI (49) boot: ## Label            Usage          Type ST Offset   Length[0m
[0;32mI (55) boot:  0 nvs              WiFi data        01 02 00009000 00006000[0m
[0;32mI (62) boot:  1 phy_init         RF data          01 01 0000f000 00001000[0m
[0;32mI (68) boot:  2 factory          factory app      00 00 00010000 00100000[0m
[0;32mI (75) boot: End of partition table[0m
[0;32mI (78) esp_image: segment 0: paddr=00010020 vaddr=3c020020 size=0b88ch ( 47244) map[0m
[0;32mI (94) esp_image: segment 1: paddr=0001b8b4 vaddr=3fc92900 size=02be0h ( 11232) load[0m
[0;32mI (97) esp_image: segment 2: paddr=0001e49c vaddr=40374000 size=01b7ch (  7036) load[0m
[0;32mI (102) esp_image: segment 3: paddr=00020020 vaddr=42000020 size=1b164h (110948) map[0m
[0;32mI (128) esp_image: segment 4: paddr=0003b18c vaddr=40375b7c size=0cc88h ( 52360) load[0m
[0;32mI (139) esp_image: segment 5: paddr=00047e1c vaddr=50000000 size=00020h (    32) load[0m
[0;32mI (146) boot: Loaded app from partition at offset 0x10000[0m
[0;32mI (146) boot: Disabling RNG early entropy source...[0m
[0;32mI (157) cpu_start: Multicore app[0m
[0;32mI (166) cpu_start: Pro cpu start user code[0m
[0;32mI (166) cpu_start: cpu freq: 160000000 Hz[0m
[0;32mI (166) app_init: Application information:[0m
[0;32mI (167) app_init: Project name:     002[0m
